******************************************************************************
               TMS320C6x Linker PC v7.4.2                      
******************************************************************************
>> Linked Fri May 16 10:07:30 2014

OUTPUT FILE NAME:   <finalp.out>
ENTRY POINT SYMBOL: "_c_int00"  address: 1182da00


MEMORY CONFIGURATION

         name            origin    length      used     unused   attr    fill
----------------------  --------  ---------  --------  --------  ----  --------
  IRAM                  11800000   00030000  0002f1a8  00000e58  RWIX
  CACHE_L2              11838000   00008000  00000000  00008000  RWIX
  CACHE_L1P             11e00000   00008000  00000000  00008000  RWIX
  CACHE_L1D             11f00000   00008000  00000000  00008000  RWIX
  L3_CBA_RAM            80000000   00020000  00000000  00020000  RWIX
  DDR                   c3000000   01000000  00008000  00ff8000  RWIX


SECTION ALLOCATION MAP

 output                                  attributes/
section   page    origin      length       input sections
--------  ----  ----------  ----------   ----------------
.vers      0    00000000    0000003c     COPY SECTION
                  00000000    0000003c     finalpcfg.obj (.vers)

.data      0    11800000    00000000     UNINITIALIZED

.text      0    11800000    00017100     
                  11800000    00003ce0     user_finalp.obj (.text)
                  11803ce0    00002640     Ladar.obj (.text)
                  11806320    00001480     ColorVision.obj (.text)
                  118077a0    00000f60     evmomapl138_bsl.lib : evmomapl138.obj (.text)
                  11808700    00000a80     ColorLCD.obj (.text)
                  11809180    00000900     rts6740.lib : _scanfi.obj (.text:__scanfi)
                  11809a80    00000720     MatrixMath.obj (.text)
                  1180a1a0    000006e0     COECSL_mcbsp.obj (.text)
                  1180a880    000006c0     evmomapl138_bsl.lib : evmomapl138_vpif.obj (.text)
                  1180af40    00000620     rts6740.lib : _scanfi.obj (.text:__sset_arg)
                  1180b560    000005a0                 : divd.obj (.text:__divd)
                  1180bb00    00000580                 : _printfi.obj (.text:__getarg_diouxp)
                  1180c080    000004c0     COECSL_edma3.obj (.text)
                  1180c540    000004c0     rts6740.lib : _scanfi.obj (.text:__sproc_int)
                  1180ca00    000004a0     evmomapl138_bsl.lib : evmomapl138_i2c_gpio.obj (.text)
                  1180cea0    00000460     rts6740.lib : strtod.obj (.text:_strtod)
                  1180d300    00000460                 : strtol.obj (.text:_strtol)
                  1180d760    00000460                 : strtold.obj (.text:_strtold)
                  1180dbc0    00000460                 : strtoll.obj (.text:_strtoll)
                  1180e020    00000440                 : _printfi.obj (.text:__printfi)
                  1180e460    00000440                 : _printfi.obj (.text:__setfield)
                  1180e8a0    00000440     evmomapl138_bsl.lib : evmomapl138_uart.obj (.text)
                  1180ece0    00000400     rts6740.lib : strtoul.obj (.text:_strtoul)
                  1180f0e0    00000400                 : strtoull.obj (.text:_strtoull)
                  1180f4e0    00000400     evmomapl138_bsl.lib : evmomapl138_i2c.obj (.text)
                  1180f8e0    00000400                         : evmomapl138_spi.obj (.text)
                  1180fce0    000003e0     user_xy.obj (.text)
                  118100c0    000003a0     rts6740.lib : fputs.obj (.text:_fputs)
                  11810460    00000340                 : _scanfi.obj (.text:__sget_conv)
                  118107a0    00000320                 : _printfi.obj (.text:__pproc_fge)
                  11810ac0    00000300     evmomapl138_bsl.lib : evmomapl138_gpio.obj (.text)
                  11810dc0    000002e0     rts6740.lib : _scanfi.obj (.text:__sproc_float)
                  118110a0    000002e0                 : cos.obj (.text:_cos)
                  11811380    000002c0                 : _printfi.obj (.text:__pproc_fwp)
                  11811640    000002c0                 : fmodf.obj (.text:_fmodf)
                  11811900    000002a0                 : _printfi.obj (.text:_ecvt)
                  11811ba0    000002a0                 : _printfi.obj (.text:_fcvt)
                  11811e40    00000280                 : divf.obj (.text:__divf)
                  118120c0    00000280                 : sin.obj (.text:_sin)
                  11812340    00000260                 : imath64.obj (.text:__divull)
                  118125a0    00000260                 : _printfi.obj (.text:__pconv_e)
                  11812800    00000240                 : _printfi.obj (.text:__pproc_diouxp)
                  11812a40    00000240                 : sinf.obj (.text:_sinf)
                  11812c80    00000220                 : _printfi.obj (.text:__pproc_str)
                  11812ea0    00000220                 : cosf.obj (.text:_cosf)
                  118130c0    00000220                 : fputc.obj (.text:_fputc)
                  118132e0    00000200                 : _printfi.obj (.text:__pconv_g)
                  118134e0    00000200                 : setvbuf.obj (.text:_setvbuf)
                  118136e0    000001e0     evmomapl138_bsl.lib : evmomapl138_timer.obj (.text)
                  118138c0    000001c0     rts6740.lib : _printfi.obj (.text:__mcpy)
                  11813a80    000001a0     LCDprintf.obj (.text)
                  11813c20    000001a0     rts6740.lib : imath40.obj (.text:__divul)
                  11813dc0    000001a0                 : _scanfi.obj (.text:__sproc_str)
                  11813f60    00000180                 : trgdrv.obj (.text:_HOSTrename)
                  118140e0    00000160                 : _scanfi.obj (.text:__sproc_lb)
                  11814240    00000140                 : sscanf.obj (.text:__chkmbc)
                  11814380    00000140                 : _printfi.obj (.text:__pproc_fflags)
                  118144c0    00000140                 : lowlev.obj (.text:_getdevice)
                  11814600    00000120                 : fclose.obj (.text:__closefile)
                  11814720    00000120                 : _printfi.obj (.text:__ltostr)
                  11814840    00000120                 : _scanfi.obj (.text:__sget_scanset)
                  11814960    00000120                 : atan2f.obj (.text:_atan2f)
                  11814a80    00000120                 : fseek.obj (.text:_fseek)
                  11814ba0    00000120                 : ldexpf.obj (.text:_ldexpf)
                  11814cc0    00000100                 : trgdrv.obj (.text:_HOSTlseek)
                  11814dc0    00000100                 : _io_perm.obj (.text:__wrt_ok)
                  11814ec0    00000100                 : sinit.obj (.text:_call_dtors)
                  11814fc0    00000100                 : sqrtf.obj (.text:_sqrtf)
                  118150c0    00000100     pru.obj (.text)
                  118151c0    000000e0     rts6740.lib : trgdrv.obj (.text:_HOSTopen)
                  118152a0    000000e0                 : divi.obj (.text:__divi)
                  11815380    000000e0                 : atanf.obj (.text:_atanf)
                  11815460    000000e0                 : atoi.obj (.text:_atoi)
                  11815540    000000e0                 : lowlev.obj (.text:_close)
                  11815620    000000e0                 : frexpf.obj (.text:_frexpf)
                  11815700    000000e0                 : memset.obj (.text:_memset)
                  118157e0    000000e0                 : printf.obj (.text:_printf)
                  118158c0    000000c0                 : trgdrv.obj (.text:_HOSTread)
                  11815980    000000c0                 : trgdrv.obj (.text:_HOSTunlink)
                  11815a40    000000c0                 : trgdrv.obj (.text:_HOSTwrite)
                  11815b00    000000c0                 : _printfi.obj (.text:__div)
                  11815bc0    000000c0                 : divu.obj (.text:__divu)
                  11815c80    000000c0                 : fflush.obj (.text:__doflush)
                  11815d40    000000c0                 : atexit.obj (.text:_atexit)
                  11815e00    000000c0                 : ltoa.obj (.text:_ltoa)
                  11815ec0    000000c0     bios.a674 : tsk_stup.o674 (.text)
                  11815f80    000000a0     rts6740.lib : trgdrv.obj (.text:_HOSTclose)
                  11816020    000000a0                 : fopen.obj (.text:__cleanup)
                  118160c0    000000a0                 : imath40.obj (.text:__divli)
                  11816160    000000a0                 : _printfi.obj (.text:__ecpy)
                  11816200    000000a0                 : _printfi.obj (.text:__fcpy)
                  118162a0    000000a0                 : fixdli.obj (.text:__fixdli)
                  11816340    000000a0                 : round.obj (.text:__nround)
                  118163e0    000000a0                 : _printfi.obj (.text:__pconv_f)
                  11816480    000000a0                 : lowlev.obj (.text:_finddevice)
                  11816520    000000a0                 : lowlev.obj (.text:_lseek)
                  118165c0    000000a0                 : memcpy64.obj (.text:_memcpy)
                  11816660    000000a0                 : modf.obj (.text:_modf)
                  11816700    000000a0                 : lowlev.obj (.text:_write)
                  118167a0    00000080                 : fltlid.obj (.text:__fltlid)
                  11816820    00000080                 : llshift.obj (.text:__llshl)
                  118168a0    00000080                 : roundf.obj (.text:__roundf)
                  11816920    00000080                 : trgmsg.obj (.text:_readmsg)
                  118169a0    00000080                 : lowlev.obj (.text:_unlink)
                  11816a20    00000060                 : imath64.obj (.text:__remull)
                  11816a80    00000060                 : imath64.obj (.text:__subcull)
                  11816ae0    00000060                 : memccpy.obj (.text:_memccpy)
                  11816b40    00000060                 : modff.obj (.text:_modff)
                  11816ba0    00000060                 : sprintf.obj (.text:_sprintf)
                  11816c00    00000060                 : sscanf.obj (.text:_sscanf)
                  11816c60    00000060                 : vsprintf.obj (.text:_vsprintf)
                  11816cc0    00000060                 : trgmsg.obj (.text:_writemsg)
                  11816d20    00000040                 : sinit.obj (.text:___add_dtor)
                  11816d60    00000040                 : isinf.obj (.text:___isinf)
                  11816da0    00000040                 : _printfi.obj (.text:___isnan)
                  11816de0    00000040                 : frcmpyd_div.obj (.text:__frcmpyd_div)
                  11816e20    00000040                 : llshift.obj (.text:__llshru)
                  11816e60    00000040                 : sprintf.obj (.text:__outs)
                  11816ea0    00000040                 : vsprintf.obj (.text:__outs)
                  11816ee0    00000040                 : imath40.obj (.text:__remli)
                  11816f20    00000040                 : imath40.obj (.text:__remul)
                  11816f60    00000020                 : sscanf.obj (.text:__inpchar)
                  11816f80    00000020                 : negll.obj (.text:__negll)
                  11816fa0    00000020                 : _lock.obj (.text:__nop)
                  11816fc0    00000020                 : printf.obj (.text:__outc)
                  11816fe0    00000020                 : sprintf.obj (.text:__outc)
                  11817000    00000020                 : vsprintf.obj (.text:__outc)
                  11817020    00000020                 : printf.obj (.text:__outs)
                  11817040    00000020                 : _lock.obj (.text:__register_lock)
                  11817060    00000020                 : _lock.obj (.text:__register_unlock)
                  11817080    00000020                 : trunc.obj (.text:__trunc)
                  118170a0    00000020                 : truncf.obj (.text:__truncf)
                  118170c0    00000020                 : sscanf.obj (.text:__uninpchar)
                  118170e0    00000020                 : remove.obj (.text:_remove)

.far       0    11817100    00009868     UNINITIALIZED
                  11817100    00004e28     user_finalp.obj (.far)
                  1181bf28    00001a24     ColorVision.obj (.far)
                  1181d94c    00000004     bios6748.a674 : bcache_wait.o674 (.far)
                  1181d950    00001620     Ladar.obj (.far)
                  1181ef70    00000fa0     COECSL_edma3.obj (.far)
                  1181ff10    00000324     rts6740.lib : defs.obj (.far)
                  11820234    00000004     bios6748.a674 : clk_data.o674 (.far)
                  11820238    00000188     rts6740.lib : atexit.obj (.far)
                  118203c0    00000040                 : cos.obj (.far)
                  11820400    00000168     COECSL_mcbsp.obj (.far)
                  11820568    0000011c     rts6740.lib : lowlev.obj (.far)
                  11820684    00000004                 : errno.obj (.far)
                  11820688    000000d8     bios.a674 : knl.o674 (.far)
                  11820760    0000005c               : tsk.o674 (.far)
                  118207bc    00000004     rts6740.lib : fopen.obj (.far)
                  118207c0    00000054     bios.a674 : obj_init.o674 (.far)
                  11820814    00000050               : tsk_stup.o674 (.far)
                  11820864    00000004     rts6740.lib : sinit.obj (.far)
                  11820868    00000040                 : sin.obj (.far)
                  118208a8    00000020     bios.a674 : sys.o674 (.far)
                  118208c8    00000020     rts6740.lib : atanf.obj (.far)
                  118208e8    00000018     rtdx64xplus.lib : rtdx_mon.o64P (.far)
                  11820900    00000010     bios.a674 : exc.o674 (.far)
                  11820910    00000010               : knl_tick.o674 (.far)
                  11820920    00000010     rts6740.lib : cosf.obj (.far)
                  11820930    00000010                 : sinf.obj (.far)
                  11820940    0000000c     bios.a674 : utl_putc.o674 (.far)
                  1182094c    0000000c     rts6740.lib : exit.obj (.far)
                  11820958    00000008                 : _lock.obj (.far)
                  11820960    00000008                 : trgdrv.obj (.far)

.hst1      0    11820968    00000010     UNINITIALIZED
                  11820968    00000010     finalpcfg.obj (.hst1)

.clk       0    11820978    00000008     UNINITIALIZED
                  11820978    00000008     finalpcfg.obj (.clk)

.bios      0    11820980    00004500     
                  11820980    000005c0     lnkrtdx.a674 : rtdx.o674 (.bios)
                  11820f40    00000580     bios.a674 : exc.o674 (.bios)
                  118214c0    000004e0               : hwi_disp_asm.o674 (.bios)
                  118219a0    000004c0               : swi.o674 (.bios)
                  11821e60    00000380               : prd.o674 (.bios)
                  118221e0    00000280               : malloc.o674 (.bios)
                  11822460    00000280               : rta.o674 (.bios)
                  118226e0    00000240               : knl_run.o674 (.bios)
                  11822920    00000200               : mem_allo.o674 (.bios:.near)
                  11822b20    00000200               : knl_tick.o674 (.bios)
                  11822d20    000001e0               : mem_free.o674 (.bios:.near)
                  11822f00    000001e0               : exc_asm.o674 (.bios)
                  118230e0    000001e0               : pip.o674 (.bios)
                  118232c0    000001e0               : sem_pend.o674 (.bios)
                  118234a0    000001a0               : sem_dopo.o674 (.bios)
                  11823640    000001a0               : tsk_setu.o674 (.bios)
                  118237e0    000001a0     bios6748.a674 : clk.o674 (.bios)
                  11823980    00000180     bios.a674 : knl_swit.o674 (.bios)
                  11823b00    00000180     bios6748.a674 : bcache_block.o674 (.bios)
                  11823c80    00000140     bios.a674 : autoinit.o674 (.bios)
                  11823dc0    00000140               : tsk_exit.o674 (.bios)
                  11823f00    00000140     bios6748.a674 : bcache_init.o674 (.bios)
                  11824040    00000120     bios.a674 : gbl_cacheinit64P.o674 (.bios)
                  11824160    00000120               : knl_chec.o674 (.bios)
                  11824280    00000120               : tsk_stup.o674 (.bios)
                  118243a0    000000e0               : sem_post_asm.o674 (.bios)
                  11824480    000000c0               : knl_exit.o674 (.bios)
                  11824540    000000a0               : sem_post.o674 (.bios)
                  118245e0    000000a0               : sys_exit.o674 (.bios)
                  11824680    00000080               : knl_ipos.o674 (.bios)
                  11824700    00000080               : knl_post.o674 (.bios)
                  11824780    00000080               : lck.o674 (.bios)
                  11824800    00000080               : log.o674 (.bios)
                  11824880    00000080     bios6748.a674 : bcache_wait.o674 (.bios)
                  11824900    00000080                   : idl_cal.o674 (.bios)
                  11824980    00000060     bios.a674 : sys_erro.o674 (.bios:.near)
                  118249e0    00000060               : fxn.o674 (.bios)
                  11824a40    00000060               : hwi_c.o674 (.bios)
                  11824aa0    00000060               : idl_busy.o674 (.bios)
                  11824b00    00000060               : sem_pend_counting.o674 (.bios)
                  11824b60    00000060               : sts.o674 (.bios)
                  11824bc0    00000060               : sys_abor.o674 (.bios)
                  11824c20    00000060     bios6748.a674 : clk_meas.o674 (.bios)
                  11824c80    00000040     bios.a674 : idl_stub.o674 (.bios)
                  11824cc0    00000040               : rta_andn.o674 (.bios)
                  11824d00    00000040               : utl_doab.o674 (.bios)
                  11824d40    00000040               : utl_putc.o674 (.bios)
                  11824d80    00000020               : clk_getltime.o674 (.bios)
                  11824da0    00000020               : fxn_c.o674 (.bios)
                  11824dc0    00000020               : gbl_vers.o674 (.bios)
                  11824de0    00000020               : idl.o674 (.bios)
                  11824e00    00000020               : sts_set.o674 (.bios)
                  11824e20    00000020               : utl_doer.o674 (.bios)
                  11824e40    00000020               : utl_halt.o674 (.bios)
                  11824e60    00000020     bios6748.a674 : clk_gethtime.o674 (.bios)

.cinit     0    11824e80    00002604     
                  11824e80    00000adc     finalpcfg.obj (.cinit)
                  1182595c    00000004     --HOLE-- [fill = 0]
                  11825960    00000594     user_finalp.obj (.cinit)
                  11825ef4    00000004     --HOLE-- [fill = 0]
                  11825ef8    00000524     ColorVision.obj (.cinit)
                  1182641c    00000004     --HOLE-- [fill = 0]
                  11826420    000002ac     Ladar.obj (.cinit)
                  118266cc    00000004     --HOLE-- [fill = 0]
                  118266d0    0000026c     bios.a674 : biosdata.o674 (.cinit)
                  1182693c    00000004     --HOLE-- [fill = 0]
                  11826940    000001fc     COECSL_edma3.obj (.cinit)
                  11826b3c    00000004     --HOLE-- [fill = 0]
                  11826b40    000001a4     bios.a674 : knl.o674 (.cinit)
                  11826ce4    00000004     --HOLE-- [fill = 0]
                  11826ce8    000000b0               : swi.o674 (.cinit)
                  11826d98    0000009c     COECSL_mcbsp.obj (.cinit)
                  11826e34    00000004     --HOLE-- [fill = 0]
                  11826e38    00000080     bios.a674 : tsk.o674 (.cinit)
                  11826eb8    00000068     rtdx64xplus.lib : rtdx_mon.o64P (.cinit)
                  11826f20    00000060     bios.a674 : tsk_stup.o674 (.cinit)
                  11826f80    0000005c     lnkrtdx.a674 : rtdx.o674 (.cinit)
                  11826fdc    00000004     --HOLE-- [fill = 0]
                  11826fe0    0000005c     rts6740.lib : defs.obj (.cinit)
                  1182703c    00000004     --HOLE-- [fill = 0]
                  11827040    0000005c                 : lowlev.obj (.cinit)
                  1182709c    00000004     --HOLE-- [fill = 0]
                  118270a0    0000004c     bios.a674 : rta.o674 (.cinit)
                  118270ec    00000004     --HOLE-- [fill = 0]
                  118270f0    0000004c     rtdx64xplus.lib : buffer1.o64P (.cinit)
                  1182713c    00000004     --HOLE-- [fill = 0]
                  11827140    00000048     rts6740.lib : cos.obj (.cinit)
                  11827188    00000048                 : sin.obj (.cinit)
                  118271d0    0000003c     bios.a674 : exc.o674 (.cinit)
                  1182720c    00000004     --HOLE-- [fill = 0]
                  11827210    00000039     ColorLCD.obj (.cinit)
                  11827249    00000007     --HOLE-- [fill = 0]
                  11827250    00000034     bios.a674 : hwi.o674 (.cinit)
                  11827284    00000004     --HOLE-- [fill = 0]
                  11827288    0000002c               : utl_putc.o674 (.cinit)
                  118272b4    00000004     --HOLE-- [fill = 0]
                  118272b8    0000002c     rts6740.lib : exit.obj (.cinit)
                  118272e4    00000004     --HOLE-- [fill = 0]
                  118272e8    00000028                 : atanf.obj (.cinit)
                  11827310    00000024     bios.a674 : obj_init.o674 (.cinit)
                  11827334    00000004     --HOLE-- [fill = 0]
                  11827338    0000001c     LCDprintf.obj (.cinit)
                  11827354    00000004     --HOLE-- [fill = 0]
                  11827358    0000001c     bios.a674 : exc_asm.o674 (.cinit)
                  11827374    00000004     --HOLE-- [fill = 0]
                  11827378    0000001c               : sys.o674 (.cinit)
                  11827394    00000004     --HOLE-- [fill = 0]
                  11827398    0000001c     rts6740.lib : _lock.obj (.cinit)
                  118273b4    00000004     --HOLE-- [fill = 0]
                  118273b8    0000001c                 : atexit.obj (.cinit)
                  118273d4    00000004     --HOLE-- [fill = 0]
                  118273d8    00000018     bios.a674 : knl_tick.o674 (.cinit)
                  118273f0    00000018     rts6740.lib : cosf.obj (.cinit)
                  11827408    00000018                 : sinf.obj (.cinit)
                  11827420    0000000c     bios.a674 : idl_busy.o674 (.cinit)
                  1182742c    00000004     --HOLE-- [fill = 0]
                  11827430    0000000c               : knl_swit.o674 (.cinit)
                  1182743c    00000004     --HOLE-- [fill = 0]
                  11827440    0000000c     bios6748.a674 : bcache_wait.o674 (.cinit)
                  1182744c    00000004     --HOLE-- [fill = 0]
                  11827450    0000000c     rts6740.lib : errno.obj (.cinit)
                  1182745c    00000004     --HOLE-- [fill = 0]
                  11827460    0000000c                 : fopen.obj (.cinit)
                  1182746c    00000004     --HOLE-- [fill = 0]
                  11827470    0000000c                 : sinit.obj (.cinit)
                  1182747c    00000004     --HOLE-- [fill = 0]
                  11827480    00000004     (.pad.cinit) [fill = 0]

.IRAM$heap 
*          0    11827484    00002000     UNINITIALIZED
                  11827484    00002000     --HOLE--

.idl       0    11829484    00000010     UNINITIALIZED
                  11829484    00000010     finalpcfg.obj (.idl)

.pinit     0    11829494    0000000c     
                  11829494    00000004     rtdx64xplus.lib : buffer1.o64P (.pinit)
                  11829498    00000004                     : rtdx_mon.o64P (.pinit)
                  1182949c    00000004     --HOLE-- [fill = 0]

.rtdx_text 
*          0    118294a0    00000fc0     
                  118294a0    000002a0     rtdx64xplus.lib : rtdx_mon.o64P (.rtdx_text:_HSRTDX_rec)
                  11829740    00000260                     : buffer1.o64P (.rtdx_text:_RTDX_Buffer_WriteCB)
                  118299a0    00000260                     : buffer1.o64P (.rtdx_text:_RTDX_write_next)
                  11829c00    000001a0                     : rtdx_mon.o64P (.rtdx_text:_HSRTDX_xmt)
                  11829da0    00000160                     : rtdx_mon.o64P (.rtdx_text:_RTDX_Send_To_Host)
                  11829f00    000000e0                     : rtdx_mon.o64P (.rtdx_text:_RTDX_Mon_Queue)
                  11829fe0    000000e0                     : buffer1.o64P (.rtdx_text:_claim)
                  1182a0c0    000000a0                     : rtdx_mon.o64P (.rtdx_text:_RTDX_GetH2THeader)
                  1182a160    000000a0                     : rtdx_mon.o64P (.rtdx_text:_RTDX_Poll)
                  1182a200    00000080                     : rtdx_mon.o64P (.rtdx_text:_RTDX_Final_RT_Monitor)
                  1182a280    00000060                     : buffer1.o64P (.rtdx_text:_RTDX_Buffer_Initialize)
                  1182a2e0    00000060                     : rtdx_mon.o64P (.rtdx_text:_RTDX_Init_RT_Monitor)
                  1182a340    00000040                     : buffer2.o64P (.rtdx_text:_RTDX_Buffer_ReadCB)
                  1182a380    00000040                     : buffer1.o64P (.rtdx_text:_RTDX_Buffer_Size)
                  1182a3c0    00000040                     : memfill.o64P (.rtdx_text:_RTDX_memfill)
                  1182a400    00000020                     : buffer2.o64P (.rtdx_text:_RTDX_Buffer_Read)
                  1182a420    00000020                     : buffer1.o64P (.rtdx_text:_RTDX_Buffer_Write)
                  1182a440    00000020                     : intr_tgt.o64P (.rtdx_text)

.stack     0    1182a460    00000c00     UNINITIALIZED
                  1182a460    00000c00     --HOLE--

.bss       0    1182b060    000006e8     UNINITIALIZED
                  1182b060    00000114     user_finalp.obj (.bss)
                  1182b174    00000100     ColorVision.obj (.bss)
                  1182b274    00000100     bios.a674 : hwi_disp_asm.o674 (.bss)
                  1182b374    000000cc               : biosdata.o674 (.bss)
                  1182b440    0000009c               : swi.o674 (.bss)
                  1182b4dc    00000088     COECSL_edma3.obj (.bss)
                  1182b564    0000006c     Ladar.obj (.bss)
                  1182b5d0    00000048     bios.a674 : knl.o674 (.bss)
                  1182b618    00000038     COECSL_mcbsp.obj (.bss)
                  1182b650    00000038     finalpcfg.obj (.bss)
                  1182b688    00000020     bios.a674 : exc_asm.o674 (.bss)
                  1182b6a8    00000018               : hwi.o674 (.bss)
                  1182b6c0    00000018     lnkrtdx.a674 : rtdx.o674 (.bss)
                  1182b6d8    00000010     bios.a674 : exc.o674 (.bss)
                  1182b6e8    00000010     rtdx64xplus.lib : buffer1.o64P (.bss)
                  1182b6f8    00000010                     : rtdx_mon.o64P (.bss)
                  1182b708    0000000c     bios.a674 : tsk.o674 (.bss)
                  1182b714    0000000b     ColorLCD.obj (.bss)
                  1182b71f    00000001     --HOLE--
                  1182b720    00000008     LCDprintf.obj (.bss)
                  1182b728    00000008     bios.a674 : clk_data.o674 (.bss)
                  1182b730    00000008               : sys.o674 (.bss)
                  1182b738    00000004               : clk_data2.o674 (.bss)
                  1182b73c    00000004               : idl_busy.o674 (.bss)
                  1182b740    00000004               : mem_asm.o674 (.bss)
                  1182b744    00000004     evmomapl138_bsl.lib : evmomapl138_i2c.obj (.bss)

.switch    0    1182b748    00000084     
                  1182b748    00000028     rts6740.lib : _scanfi.obj (.switch:__sset_arg)
                  1182b770    00000024     evmomapl138_bsl.lib : evmomapl138_gpio.obj (.switch:_getRegisterBankAndBit)
                  1182b794    00000018     user_finalp.obj (.switch:_RobotControl)
                  1182b7ac    00000010     evmomapl138_bsl.lib : evmomapl138_spi.obj (.switch:_SPI_init)
                  1182b7bc    00000010     ColorVision.obj (.switch:_userProcessColorImageFunc_laser)

.log       0    1182b7cc    00000030     
                  1182b7cc    00000030     finalpcfg.obj (.log)

.args      0    1182b7fc    00000004     
                  1182b7fc    00000004     --HOLE-- [fill = 0]

.LOG_system$buf 
*          0    1182b800    00000800     UNINITIALIZED
                  1182b800    00000800     finalpcfg.obj (.LOG_system$buf)

.TSK_ComWithLinux$stk 
*          0    1182c000    00000800     UNINITIALIZED
                  1182c000    00000800     finalpcfg.obj (.TSK_ComWithLinux$stk)

.TSK_LADAR$stk 
*          0    1182c800    00000800     UNINITIALIZED
                  1182c800    00000800     finalpcfg.obj (.TSK_LADAR$stk)

.const     0    1182d000    000006d4     
                  1182d000    00000193     bios.a674 : exc.o674 (.const:.string)
                  1182d193    00000001     --HOLE-- [fill = 0]
                  1182d194    00000108     user_finalp.obj (.const:.string)
                  1182d29c    00000004     bios.a674 : mem_allo.o674 (.const:.string)
                  1182d2a0    00000101     rts6740.lib : ctype.obj (.const:.string:__ctypes_)
                  1182d3a1    00000004     bios.a674 : mem_free.o674 (.const:.string)
                  1182d3a5    00000002     rts6740.lib : fputs.obj (.const:.string)
                  1182d3a7    00000001     --HOLE-- [fill = 0]
                  1182d3a8    00000080     evmomapl138_bsl.lib : evmomapl138.obj (.const:_bitval_u32)
                  1182d428    00000050     rts6740.lib : strtod.obj (.const:_digits)
                  1182d478    00000050                 : strtold.obj (.const:_digits)
                  1182d4c8    0000004e     bios.a674 : tsk_stup.o674 (.const:.string)
                  1182d516    00000002     --HOLE-- [fill = 0]
                  1182d518    00000048     rts6740.lib : strtod.obj (.const:_powerof10)
                  1182d560    00000048                 : strtold.obj (.const:_powerof10)
                  1182d5a8    00000044     Ladar.obj (.const:.string)
                  1182d5ec    00000040     evmomapl138_bsl.lib : evmomapl138.obj (.const:.string)
                  1182d62c    00000023     bios.a674 : utl_doab.o674 (.const:.string)
                  1182d64f    00000023     rts6740.lib : _printfi.obj (.const:.string)
                  1182d672    00000022     bios.a674 : utl_doer.o674 (.const:.string)
                  1182d694    00000018     ColorLCD.obj (.const)
                  1182d6ac    00000010     evmomapl138_bsl.lib : evmomapl138_uart.obj (.const:.string)
                  1182d6bc    00000001     bios.a674 : tsk.o674 (.const:.string)
                  1182d6bd    00000003     --HOLE-- [fill = 0]
                  1182d6c0    00000007     rts6740.lib : _scanfi.obj (.const:.string:_flit$1)
                  1182d6c7    00000001     --HOLE-- [fill = 0]
                  1182d6c8    00000006                 : _scanfi.obj (.const:.string:_barr$2)
                  1182d6ce    00000002     --HOLE-- [fill = 0]
                  1182d6d0    00000004     Ladar.obj (.const:.string:_$P$T0$1)

.trcdata   0    1182d6d4    0000000c     
                  1182d6d4    0000000c     bios.a674 : trc.o674 (.trcdata)

.printf    0    1182d6d4    0000012f     COPY SECTION
                  1182d6d4    0000012f     finalpcfg.obj (.printf)

.sysinit   0    1182d6e0    00000500     
                  1182d6e0    00000320     finalpcfg.obj (.sysinit)
                  1182da00    000000c0     bios.a674 : boot.o674 (.sysinit)
                  1182dac0    000000c0               : mem_init.o674 (.sysinit)
                  1182db80    00000060               : tsk_init.o674 (.sysinit)

.idlcal    0    1182dbe0    00000010     UNINITIALIZED
                  1182dbe0    00000010     finalpcfg.obj (.idlcal)

.sys       0    1182dbf0    00000010     UNINITIALIZED
                  1182dbf0    00000010     finalpcfg.obj (.sys)

.rtdx_data 
*          0    1182dc00    000004f4     UNINITIALIZED
                  1182dc00    00000080     --HOLE--
                  1182dc80    00000410     finalpcfg.obj (.rtdx_data)
                  1182e090    00000044     rtdx64xplus.lib : rtdx_mon.o64P (.rtdx_data)
                  1182e0d4    00000020                     : buffer1.o64P (.rtdx_data)

.mem       0    1182e0f4    00000004     UNINITIALIZED
                  1182e0f4    00000004     finalpcfg.obj (.mem)

.TSK_idle$stk 
*          0    1182e0f8    00000400     UNINITIALIZED
                  1182e0f8    00000400     finalpcfg.obj (.TSK_idle$stk)

.trace     0    1182e4f8    00000200     
                  1182e4f8    00000200     --HOLE-- [fill = 00000000]

.swi       0    1182e6f8    00000108     UNINITIALIZED
                  1182e6f8    00000108     finalpcfg.obj (.swi)

.hwi_vec   0    1182e800    00000200     
                  1182e800    00000200     finalpcfg.obj (.hwi_vec)

.trace$buf 
*          0    1182ea00    00000200     UNINITIALIZED
                  1182ea00    00000200     finalpcfg.obj (.trace$buf)

.cio       0    1182ec00    00000120     UNINITIALIZED
                  1182ec00    00000120     rts6740.lib : trgmsg.obj (.cio)

.tsk       0    1182ed20    00000120     UNINITIALIZED
                  1182ed20    00000120     finalpcfg.obj (.tsk)

.hst0      0    1182ee40    00000100     UNINITIALIZED
                  1182ee40    00000100     finalpcfg.obj (.hst0)

.pip       0    1182ef40    000000c8     UNINITIALIZED
                  1182ef40    000000c8     finalpcfg.obj (.pip)

.sts       0    1182f008    000000c0     
                  1182f008    000000c0     finalpcfg.obj (.sts)

.gblinit   0    1182f0c8    00000064     
                  1182f0c8    00000064     finalpcfg.obj (.gblinit)

.prd       0    1182f12c    00000040     UNINITIALIZED
                  1182f12c    00000040     finalpcfg.obj (.prd)

.hst       0    1182f16c    0000003c     UNINITIALIZED
                  1182f16c    0000003c     finalpcfg.obj (.hst)

.DDR$heap 
*          0    c3000000    00008000     UNINITIALIZED
                  c3000000    00008000     --HOLE--


GLOBAL SYMBOLS: SORTED ALPHABETICALLY BY Name 

address    name
--------   ----
1182b060   $bss
1182b060   .bss
11800000   .data
11800000   .text
1182d8a4   BIOS$$CLKOFF
1182d864   BIOS$$CLKON
1182d6e0   BIOS_init
1182d90c   BIOS_start
00000000   BUF$
00000001   BUF_ENABLED
11816d18   C$$IO$$
ffffffff   CACHE_L1D
ffffffff   CACHE_L1P
ffffffff   CACHE_L2
00000001   CLK$
11820978   CLK_A_TABBEG
00000001   CLK_CALDIV
00000001   CLK_CALMULT
000493e0   CLK_COUNTSPMS
00000004   CLK_COUNTSPMSHIGH
1182b39c   CLK_D_idletime
1182b398   CLK_D_isrhook
1182b394   CLK_D_tabbeg
1182b390   CLK_D_timefxn
00000001   CLK_ENABLEHTIME
11824e60   CLK_F_gethtime
118237e0   CLK_F_getltime
118237f0   CLK_F_isr
11823930   CLK_F_itime
118214c0   CLK_HOOKFXN
00000001   CLK_HTIMEDIV
00000001   CLK_HTIMEMULT
000493e0   CLK_HTIMEPERLTIME
00005dc0   CLK_INPUTCLK
00008000   CLK_INTBIT
00000001   CLK_LTIMEDIV
000493e0   CLK_LTIMEMULT
000003e8   CLK_MICROSECS
00000001   CLK_POWERENABLE
00005dc0   CLK_PRD
00000000   CLK_PRDHIGH
01c21000   CLK_REGS
00000000   CLK_RESETTIMER
1182b38c   CLK_R_time
00000020   CLK_TCR
00000000   CLK_TDDR
00000000   CLK_TDDRHIGH
11824e60   CLK_TIMEFXN
00000001   CLK_TIMERNUM
00000005   CLK_TIMMODE
00000001   CLK_USETIMER
1182097c   CLK_null
1182b668   DDR
c3000000   DDR$B
00008000   DDR$L
00000000   DEV$
00000000   DGN$
00000000   DHL$
00000000   DHL_gChannelsAvailable
00000000   DIO$
00000000   DIO_NUMSWIBASE
00000000   DIO_NUMTSKBASE
00000000   DIO_STATIC
00000000   DPI$
00000000   ECM$
00000000   ECM_ENABLE
ffffffff   ECM_EVTMASK0
ffffffff   ECM_EVTMASK1
ffffffff   ECM_EVTMASK2
ffffffff   ECM_EVTMASK3
0000000a   EVENT10
00000064   EVENT100
00000065   EVENT101
00000066   EVENT102
00000067   EVENT103
00000068   EVENT104
00000069   EVENT105
0000006a   EVENT106
0000006b   EVENT107
0000006c   EVENT108
0000006d   EVENT109
0000000b   EVENT11
0000006e   EVENT110
0000006f   EVENT111
00000070   EVENT112
00000071   EVENT113
00000072   EVENT114
00000073   EVENT115
00000074   EVENT116
00000075   EVENT117
00000076   EVENT118
00000077   EVENT119
0000000c   EVENT12
00000078   EVENT120
00000079   EVENT121
0000007a   EVENT122
0000007b   EVENT123
0000007c   EVENT124
0000007d   EVENT125
0000007e   EVENT126
0000007f   EVENT127
0000000d   EVENT13
0000000e   EVENT14
0000000f   EVENT15
00000010   EVENT16
00000011   EVENT17
00000012   EVENT18
00000013   EVENT19
00000014   EVENT20
00000015   EVENT21
00000016   EVENT22
00000017   EVENT23
00000018   EVENT24
00000019   EVENT25
0000001a   EVENT26
0000001b   EVENT27
0000001c   EVENT28
0000001d   EVENT29
0000001e   EVENT30
0000001f   EVENT31
00000020   EVENT32
00000021   EVENT33
00000022   EVENT34
00000023   EVENT35
00000024   EVENT36
00000025   EVENT37
00000026   EVENT38
00000027   EVENT39
00000004   EVENT4
00000028   EVENT40
00000029   EVENT41
0000002a   EVENT42
0000002b   EVENT43
0000002c   EVENT44
0000002d   EVENT45
0000002e   EVENT46
0000002f   EVENT47
00000030   EVENT48
00000031   EVENT49
00000005   EVENT5
00000032   EVENT50
00000033   EVENT51
00000034   EVENT52
00000035   EVENT53
00000036   EVENT54
00000037   EVENT55
00000038   EVENT56
00000039   EVENT57
0000003a   EVENT58
0000003b   EVENT59
00000006   EVENT6
0000003c   EVENT60
0000003d   EVENT61
0000003e   EVENT62
0000003f   EVENT63
00000040   EVENT64
00000041   EVENT65
00000042   EVENT66
00000043   EVENT67
00000044   EVENT68
00000045   EVENT69
00000007   EVENT7
00000046   EVENT70
00000047   EVENT71
00000048   EVENT72
00000049   EVENT73
0000004a   EVENT74
0000004b   EVENT75
0000004c   EVENT76
0000004d   EVENT77
0000004e   EVENT78
0000004f   EVENT79
00000008   EVENT8
00000050   EVENT80
00000051   EVENT81
00000052   EVENT82
00000053   EVENT83
00000054   EVENT84
00000055   EVENT85
00000056   EVENT86
00000057   EVENT87
00000058   EVENT88
00000059   EVENT89
00000009   EVENT9
0000005a   EVENT90
0000005b   EVENT91
0000005c   EVENT92
0000005d   EVENT93
0000005e   EVENT94
0000005f   EVENT95
00000060   EVENT96
00000061   EVENT97
00000062   EVENT98
00000063   EVENT99
118249e0   FXN_F_nop
118249e4   FXN_F_run
11824a20   FXN_F_zero
00000001   GBL$
00005205   GBL_A_VERSION
00000000   GBL_BCACHEREADADDR0
00000000   GBL_BCACHEREADADDR1
00000000   GBL_BCACHEREADADDR2
00000000   GBL_BIGENDIAN
00000000   GBL_CACHE
00000000   GBL_CALLCSLCFGINIT
00004e20   GBL_CLKIN
00001a5b   GBL_CLKTYPE
00001a5c   GBL_DSPSUBTYPE
0000003e   GBL_DSPTYPE
00000001   GBL_ENABLEINST
00000000   GBL_ENABLE_SK
00000042   GBL_FOOTPRINT
000493e0   GBL_FREQ
00000000   GBL_GEMTRUECOMPEN
00000007   GBL_L1DMODE
00000007   GBL_L1PMODE
00000001   GBL_L2CONFIGURE
00000000   GBL_L2MAR0_31
00000001   GBL_L2MAR128_159
00000000   GBL_L2MAR160_191
ffffffff   GBL_L2MAR192_223
00000000   GBL_L2MAR224_255
00000000   GBL_L2MAR32_63
00000000   GBL_L2MAR64_95
00000000   GBL_L2MAR96_127
00000001   GBL_L2MODE
00000000   GBL_NULL
00000000   GBL_PROCID
00000000   GBL_ROM
00000000   GBL_SUPPORTCSL
0000dbef   GBL_TRCMASKVALUE
00000000   GBL_USERINIT
11824da0   GBL_USERINITFXN
00000001   GBL_boot
1182d6dc   GBL_initdone
1182a460   GBL_stackbeg
1182b05f   GBL_stackend
00000000   GIO$
11824da0   GIO_CREATEFXN
11824da0   GIO_DELETEFXN
11824da0   GIO_PENDFXN
11824da0   GIO_POSTFXN
00000000   HOOK$
00000000   HOOK_KNLID
00000001   HST$
1182f16c   HST_A_TABBEG
1182f1a8   HST_A_TABEND
00000000   HST_DSM
1182b66c   HST_DSMBUFSEG
00000400   HST_DSMMEMSIZE
1182b408   HST_D_chanmask
1182b40c   HST_D_tabbeg
1182b410   HST_D_tabend
000000ff   HST_MAXFRAMEALLOWED
00000040   HST_MAXFRAMESET
00000000   HST_NONE
00000001   HST_RTDX
00000001   HWI$
1182e800   HWI_A_VECS
00009978   HWI_CFGDISPATCHED
1182b6b8   HWI_D_bss
1182b6bc   HWI_D_ccmask
1182b6a8   HWI_D_spsave
00000001   HWI_ENABLE_EXC
118214c0   HWI_F_dispatch
00000000   HWI_GENERATE_RESET_VEC
0000000a   HWI_INT10
00000000   HWI_INT10$hwi
0000000b   HWI_INT11
00000000   HWI_INT11$hwi
0000000c   HWI_INT12
00000000   HWI_INT12$hwi
0000000d   HWI_INT13
00000000   HWI_INT13$hwi
0000000e   HWI_INT14
00000000   HWI_INT14$hwi
0000000f   HWI_INT15
00000000   HWI_INT15$hwi
00000004   HWI_INT4
00000000   HWI_INT4$hwi
00000005   HWI_INT5
00000000   HWI_INT5$hwi
00000006   HWI_INT6
00000000   HWI_INT6$hwi
00000007   HWI_INT7
00000000   HWI_INT7$hwi
00000008   HWI_INT8
00000000   HWI_INT8$hwi
00000009   HWI_INT9
00000000   HWI_INT9$hwi
07065b5f   HWI_INTRMUX1
0b0a0908   HWI_INTRMUX2
28040d0c   HWI_INTRMUX3
00000001   HWI_NMI
00000000   HWI_NMI$hwi
00000000   HWI_POLARITYMASK
00000002   HWI_RESERVED0
00000000   HWI_RESERVED0$hwi
00000003   HWI_RESERVED1
00000000   HWI_RESERVED1$hwi
00000000   HWI_RESET
00000000   HWI_RESET$hwi
00000000   HWI_ZEROTAB
00000001   IDL$
1182dbe0   IDL_A_CALBEG
11829484   IDL_A_TABBEG
00000006   IDL_CALIBRERROR
11824c80   IDL_CALIBRFXN
1182b73c   IDL_D_busyObj
1182b37c   IDL_D_calbeg
1182b378   IDL_D_calibrate
1182b374   IDL_D_tabbeg
11829490   IDL_END
1182dbec   IDL_END$
11824aa0   IDL_F_busy
11824900   IDL_F_calibrate
11824de0   IDL_F_loop
11824c80   IDL_F_stub
00000001   IDL_USECLKIDLTIME
1182f0bc   IDL_busyObj
1182d7fe   IDL_busyObj$avgfmt
00000001   IDL_busyObj$filter
00000001   IDL_busyObj$iA
00000000   IDL_busyObj$iB
00000001   IDL_busyObj$iC
1182d7f8   IDL_busyObj$maxfmt
00000000   IDL_busyObj$operation
1182f0b8   IDL_busyObj$stsobj
1182d7fb   IDL_busyObj$sumfmt
00000002   IDL_busyObj$unittype
11829484   IDL_cpuLoad
1182dbe0   IDL_cpuLoad$
1182b66c   IRAM
11827484   IRAM$B
00002000   IRAM$L
00000001   ISRC$
11823ad8   KNL_glue
1182e7a8   KNL_swi
00000001   KNL_swi$dorta
00000005   KNL_swi$ord
00000000   KNL_swi$pri
1182f06c   KNL_swi$sts
1182d786   KNL_swi$sts$avgfmt
00000002   KNL_swi$sts$filter
00000001   KNL_swi$sts$filtmaxmult
00000001   KNL_swi$sts$filtsummult
1182d776   KNL_swi$sts$maxfmt
1182f068   KNL_swi$sts$stsobj
1182d77e   KNL_swi$sts$sumfmt
00000000   KNL_swi$sts$unittype
00000000   KNL_swi$swi
ffffffff   L3_CBA_RAM
00000001   LCK$
11820980   LNK_F_checkBufferCall
11820a00   LNK_F_dataPump
118209a0   LNK_F_getChanPtr
118209f8   LNK_F_init
11820f08   LNK_F_readCallBack
11829488   LNK_dataPump
1182dbe4   LNK_dataPump$
1182b6c4   LNK_dspFrameReadyMask
1182b6c0   LNK_dspFrameRequestMask
11820c80   LNK_newin
11820db4   LNK_newout
11820a10   LNK_rcloop
11820ad4   LNK_rdrtry
1182b6cc   LNK_readDone
1182b6d0   LNK_readFail
1182b6c8   LNK_readPend
11820ae4   LNK_rrloop
1182b6d4   LNK_writeFail
11820bb0   LNK_wrloop
11820ba4   LNK_wrrtry
00000001   LOG$
1182b7cc   LOG_A_TABBEG
1182b7fc   LOG_A_TABEND
00000002   LOG_A_TABLEN
1182b380   LOG_D_system
00000001   LOG_ENABLED
11824800   LOG_F_event
1182b7cc   LOG_system
1182b800   LOG_system$buf
00000000   LOG_system$datatype
00000000   LOG_system$log
00000200   LOG_system$size
00000000   MBX$
00000001   MEM$
1182b66c   MEM_MALLOCSEG
00000000   MEM_NULL
1182b66c   MEM_SEGZERO
00000000   MEM_USEMPC
00000002   MEM_gNumHeap
00000000   MSGQ$
00000000   MSGQ_USEMSGQ
00000000   OBJ$
00000000   PIP$
1182ef40   PIP_A_TABBEG
1182f008   PIP_A_TABEND
00000002   PIP_A_TABLEN
1182b384   PIP_D_tabbeg
1182b388   PIP_D_tablen
11823158   PIP_F_give
11823158   PIP_F_probe
11823228   PIP_F_start
118230e0   PIP_F_take
00000064   PIP_OBJSIZE
00000000   PIP_gNextId
00000002   PIP_gNumEmbed
00000000   POOL$
00000000   POOL_USEPOOL
00000001   PRD$
1182f12c   PRD_A_TABBEG
1182f16c   PRD_A_TABEND
00000002   PRD_A_TABLEN
1182b3c4   PRD_D_cur
1182b3c8   PRD_D_elapsed
1182b3cc   PRD_D_prevtim
1182b3d0   PRD_D_scalar
1182b3d4   PRD_D_swihandle
1182b3d8   PRD_D_tabbeg
1182b3dc   PRD_D_tablen
1182b3e0   PRD_D_thook
1182b3c0   PRD_D_tick
11821e60   PRD_F_swi
118220e4   PRD_F_tick
00000001   PRD_SCALAR
1182e77c   PRD_SWIHANDLE
11822cf4   PRD_THOOKFXN
1182f14c   PRD_addtime
1182f168   PRD_addtime$aaa
00000000   PRD_addtime$mode
00000004   PRD_addtime$ord
00000001   PRD_addtime$period
00000000   PRD_addtime$prd
1182f01c   PRD_addtime$sts
1182d703   PRD_addtime$sts$avgfmt
00000000   PRD_addtime$sts$filter
1182d6f1   PRD_addtime$sts$maxfmt
1182f018   PRD_addtime$sts$stsobj
1182d6fa   PRD_addtime$sts$sumfmt
00000002   PRD_addtime$sts$unittype
11820978   PRD_clock
1182f12c   PRD_startMcBSP
1182f148   PRD_startMcBSP$aaa
00000000   PRD_startMcBSP$mode
00000003   PRD_startMcBSP$ord
00000019   PRD_startMcBSP$period
00000000   PRD_startMcBSP$prd
1182f00c   PRD_startMcBSP$sts
1182d6e6   PRD_startMcBSP$sts$avgfmt
00000000   PRD_startMcBSP$sts$filter
1182d6d4   PRD_startMcBSP$sts$maxfmt
1182f008   PRD_startMcBSP$sts$stsobj
1182d6dd   PRD_startMcBSP$sts$sumfmt
00000002   PRD_startMcBSP$sts$unittype
1182e77c   PRD_swi
00000001   PRD_swi$dorta
00000004   PRD_swi$ord
00000005   PRD_swi$pri
1182f05c   PRD_swi$sts
1182d76c   PRD_swi$sts$avgfmt
00000002   PRD_swi$sts$filter
00000001   PRD_swi$sts$filtmaxmult
00000001   PRD_swi$sts$filtsummult
1182d75c   PRD_swi$sts$maxfmt
1182f058   PRD_swi$sts$stsobj
1182d764   PRD_swi$sts$sumfmt
00000000   PRD_swi$sts$unittype
00000000   PRD_swi$swi
00000001   PWRM$
00000030   PWRM_PWRM_CAPSMASK
0000000a   PWRM_PWRM_CLKTICKSPERSLOT
00000000   PWRM_PWRM_ENABLE
00000002   PWRM_PWRM_INITSPCPU
00000000   PWRM_PWRM_INITSPPER
00000000   PWRM_PWRM_LOADENABLE
00000001   PWRM_PWRM_NUMSLOTS
00000000   PWRM_PWRM_RESOURCETRACKING
00000000   PWRM_PWRM_SCALING
11824da0   PWRM_PWRM_SHAREDRESOURCEFXN
11824da0   PWRM_PWRM_SLOTHOOKFXN
00000000   PWRM_PWRM_TIMERIDNUM
00000000   PWRM_PWRM_TIMERINTRMASK
00000000   PWRM_PWRM_TIMERWUGENMASK
00000000   PWRM_PWRM_USERRESOURCES
00000000   PWRM_PWRM_USETIMER
00000001   QUE$
1182b3e4   RTA_D_fromHost
1182b3ec   RTA_D_logval
1182b3fc   RTA_D_stsval
1182b3e8   RTA_D_toHost
11824cc0   RTA_F_andn
11822540   RTA_F_dispatch
11822460   RTA_F_getlog
11822498   RTA_F_getsts
11824cd8   RTA_F_or
118224d8   RTA_F_readblk
11822500   RTA_F_resetmem
118224f4   RTA_F_writeword
1182948c   RTA_dispatcher
1182dbe8   RTA_dispatcher$
1182258c   RTA_execute
1182f170   RTA_fromHost
11820968   RTA_fromHost$buf
00000004   RTA_fromHost$framesize
00000000   RTA_fromHost$hst
00000001   RTA_fromHost$id
00000000   RTA_fromHost$mode
1182ef40   RTA_fromHost$pipe
1182ef70   RTA_fromHost$pipe$aaa
1182efa0   RTA_fromHost$pipe$bbb
1182b670   RTA_fromHost$pipe$dtab
1182ef44   RTA_fromHost$pipe$rd
1182ef74   RTA_fromHost$pipe$wr
1182f178   RTA_fromHost$rtdx
1182f18c   RTA_toHost
1182ee40   RTA_toHost$buf
00000040   RTA_toHost$framesize
00000000   RTA_toHost$hst
00000000   RTA_toHost$id
00000001   RTA_toHost$mode
1182efa4   RTA_toHost$pipe
1182efd4   RTA_toHost$pipe$aaa
1182f004   RTA_toHost$pipe$bbb
1182b67c   RTA_toHost$pipe$dtab
1182efa8   RTA_toHost$pipe$rd
1182efd8   RTA_toHost$pipe$wr
1182f194   RTA_toHost$rtdx
00000001   RTDX$
00000408   RTDX_BUFMEMSIZE
1182b66c   RTDX_DATAMEMSEG
00000000   RTDX_MODE
00000001   RTDX_NORMALIZED_HDR
00000001   RTDX_USERTDX
00000000   RTDX_USERTEXECUTION
00000000   SEM$
00000000   SIO$
00000001   STS$
1182f008   STS_A_TABBEG
1182f0c8   STS_A_TABEND
11824b8c   STS_F_add
11824b60   STS_F_delta
11824ba8   STS_F_reset
00000001   SWI$
1182e6f8   SWI_A_TABBEG
1182e800   SWI_A_TABEND
00000006   SWI_A_TABLEN
1182e750   SWI_Astar
00000001   SWI_Astar$dorta
00000003   SWI_Astar$ord
00000001   SWI_Astar$pri
1182f04c   SWI_Astar$sts
1182d752   SWI_Astar$sts$avgfmt
00000002   SWI_Astar$sts$filter
00000001   SWI_Astar$sts$filtmaxmult
00000001   SWI_Astar$sts$filtsummult
1182d742   SWI_Astar$sts$maxfmt
1182f048   SWI_Astar$sts$stsobj
1182d74a   SWI_Astar$sts$sumfmt
00000000   SWI_Astar$sts$unittype
00000000   SWI_Astar$swi
1182b458   SWI_D_curfxn
1182b448   SWI_D_curmask
1182b454   SWI_D_curmbox
1182b44c   SWI_D_curset
1182b444   SWI_D_execaddr
1182b460   SWI_D_inswi
1182b450   SWI_D_lock
1182b45c   SWI_D_rdybeg
1182b464   SWI_D_rdytab
1182b440   SWI_D_runaddr
00000000   SWI_EHOOKFXN
11821b84   SWI_EXECFXN
118219a0   SWI_F_enable
11821b84   SWI_F_exec
11821bac   SWI_F_iexec
11821a10   SWI_F_post
11821c2c   SWI_F_run
00000000   SWI_IHOOKFXN
1182e6f8   SWI_LCD
00000001   SWI_LCD$dorta
00000001   SWI_LCD$ord
00000002   SWI_LCD$pri
1182f02c   SWI_LCD$sts
1182d71e   SWI_LCD$sts$avgfmt
00000002   SWI_LCD$sts$filter
00000001   SWI_LCD$sts$filtmaxmult
00000001   SWI_LCD$sts$filtsummult
1182d70e   SWI_LCD$sts$maxfmt
1182f028   SWI_LCD$sts$stsobj
1182d716   SWI_LCD$sts$sumfmt
00000000   SWI_LCD$sts$unittype
00000000   SWI_LCD$swi
11821c2c   SWI_RUNFXN
1182e7d4   SWI_RobotControl
00000001   SWI_RobotControl$dorta
00000007   SWI_RobotControl$ord
00000004   SWI_RobotControl$pri
1182f07c   SWI_RobotControl$sts
1182d7a0   SWI_RobotControl$sts$avgfmt
00000002   SWI_RobotControl$sts$filter
00000001   SWI_RobotControl$sts$filtmaxmult
00000001   SWI_RobotControl$sts$filtsummult
1182d790   SWI_RobotControl$sts$maxfmt
1182f078   SWI_RobotControl$sts$stsobj
1182d798   SWI_RobotControl$sts$sumfmt
00000000   SWI_RobotControl$sts$unittype
00000000   SWI_RobotControl$swi
1182e724   SWI_vision
00000001   SWI_vision$dorta
00000002   SWI_vision$ord
00000003   SWI_vision$pri
1182f03c   SWI_vision$sts
1182d738   SWI_vision$sts$avgfmt
00000002   SWI_vision$sts$filter
00000001   SWI_vision$sts$filtmaxmult
00000001   SWI_vision$sts$filtsummult
1182d728   SWI_vision$sts$maxfmt
1182f038   SWI_vision$sts$stsobj
1182d730   SWI_vision$sts$sumfmt
00000000   SWI_vision$sts$unittype
00000000   SWI_vision$swi
00000001   SYS$
1182dbf0   SYS$config
11824d00   SYS_ABORTFXN
11824e20   SYS_ERRORFXN
11824e40   SYS_EXITFXN
11824d40   SYS_PUTCFXN
1182d6d8   TRC_R_mask
1182d6d4   TRC_cinit
00000001   TSK$
1182ed8c   TSK_ComWithLinux
00000002   TSK_ComWithLinux$ord
00000001   TSK_ComWithLinux$pri
1182c000   TSK_ComWithLinux$stack
1182c798   TSK_ComWithLinux$stkptr
1182f09c   TSK_ComWithLinux$sts
1182d7d4   TSK_ComWithLinux$sts$avgfmt
00000002   TSK_ComWithLinux$sts$filter
00000001   TSK_ComWithLinux$sts$filtmaxmult
00000001   TSK_ComWithLinux$sts$filtsummult
1182d7c4   TSK_ComWithLinux$sts$maxfmt
1182f098   TSK_ComWithLinux$sts$stsobj
1182d7cc   TSK_ComWithLinux$sts$sumfmt
00000000   TSK_ComWithLinux$sts$unittype
00000000   TSK_ComWithLinux$tsk
1182edec   TSK_LADAR
00000003   TSK_LADAR$ord
00000001   TSK_LADAR$pri
1182c800   TSK_LADAR$stack
1182cf98   TSK_LADAR$stkptr
1182f0ac   TSK_LADAR$sts
1182d7ee   TSK_LADAR$sts$avgfmt
00000002   TSK_LADAR$sts$filter
00000001   TSK_LADAR$sts$filtmaxmult
00000001   TSK_LADAR$sts$filtsummult
1182d7de   TSK_LADAR$sts$maxfmt
1182f0a8   TSK_LADAR$sts$stsobj
1182d7e6   TSK_LADAR$sts$sumfmt
00000000   TSK_LADAR$sts$unittype
00000000   TSK_LADAR$tsk
00000000   TSK_NUM_HOOKS
00000001   TSK_PRIORITY
00000000   TSK_READYFXN
00000000   TSK_STACKSEG
00000400   TSK_STACKSIZE
00000000   TSK_SWITCHFXN
11824da0   TSK_VCREATEFXN
11824da0   TSK_VDELETEFXN
11824da0   TSK_VEXITFXN
1182ed2c   TSK_idle
00000001   TSK_idle$ord
00000000   TSK_idle$pri
1182e0f8   TSK_idle$stack
1182e490   TSK_idle$stkptr
1182f08c   TSK_idle$sts
1182d7ba   TSK_idle$sts$avgfmt
00000002   TSK_idle$sts$filter
00000001   TSK_idle$sts$filtmaxmult
00000001   TSK_idle$sts$filtsummult
1182d7aa   TSK_idle$sts$maxfmt
1182f088   TSK_idle$sts$stsobj
1182d7b2   TSK_idle$sts$sumfmt
00000000   TSK_idle$sts$unittype
00000000   TSK_idle$tsk
00000000   UDEV$
118033cc   _Astar
11817320   _B
11823f94   _BCACHE_bootInit
11824014   _BCACHE_getMar
11823fc4   _BCACHE_getSize
11823c54   _BCACHE_inv
11823f94   _BCACHE_setCacheToSram
11823f44   _BCACHE_setMar
11823f00   _BCACHE_setSize
11824880   _BCACHE_wait
11823c44   _BCACHE_wb
11823c30   _BCACHE_wbInv
1182d6e0   _BIOS_init
1182d90c   _BIOS_start
11803ff0   _Bresenhamline
11817340   _Bu
ffffffff   _CACHE_L1D
ffffffff   _CACHE_L1P
ffffffff   _CACHE_L2
000493e0   _CLK_COUNTSPMS
1182b728   _CLK_DFLTMICROSECS
1182b3bc   _CLK_D_countspms
1182b3b0   _CLK_D_dirty
1182b72c   _CLK_D_microseconds
1182b3b4   _CLK_D_prd
1182b3b8   _CLK_D_tddr
11823930   _CLK_F_itime
00005dc0   _CLK_PRD
01c21000   _CLK_REGS
00000000   _CLK_TDDR
00000001   _CLK_TIMERNUM
00000001   _CLK_USETIMER
11824e60   _CLK_gethtime
11824d80   _CLK_getltime
1182b3a0   _CLK_htimeDiv
1182b3a4   _CLK_htimeMult
1182b738   _CLK_htimePerLtime
11820234   _CLK_inputClock
11823930   _CLK_itime
1182b3a8   _CLK_ltimeDiv
1182b3ac   _CLK_ltimeMult
11824c20   _CLK_measure
1182b1d4   _Cdifference
11806348   _Check_Equivalency
11802c2c   _ComWithLinux
1182b668   _DDR
c3000000   _DDR_base
00008000   _DDR_length
1182b160   _DSLen
1181be98   _DataArr
1180c234   _EDMA3_0_ISR
1182b4dc   _EDMA3_0_Regs
1180c16c   _EDMA3_1_ISR
1182b4e0   _EDMA3_1_Regs
0000000a   _EVENT10
00000064   _EVENT100
00000065   _EVENT101
00000066   _EVENT102
00000067   _EVENT103
00000068   _EVENT104
00000069   _EVENT105
0000006a   _EVENT106
0000006b   _EVENT107
0000006c   _EVENT108
0000006d   _EVENT109
0000000b   _EVENT11
0000006e   _EVENT110
0000006f   _EVENT111
00000070   _EVENT112
00000071   _EVENT113
00000072   _EVENT114
00000073   _EVENT115
00000074   _EVENT116
00000075   _EVENT117
00000076   _EVENT118
00000077   _EVENT119
0000000c   _EVENT12
00000078   _EVENT120
00000079   _EVENT121
0000007a   _EVENT122
0000007b   _EVENT123
0000007c   _EVENT124
0000007d   _EVENT125
0000007e   _EVENT126
0000007f   _EVENT127
0000000d   _EVENT13
0000000e   _EVENT14
0000000f   _EVENT15
00000010   _EVENT16
00000011   _EVENT17
00000012   _EVENT18
00000013   _EVENT19
00000014   _EVENT20
00000015   _EVENT21
00000016   _EVENT22
00000017   _EVENT23
00000018   _EVENT24
00000019   _EVENT25
0000001a   _EVENT26
0000001b   _EVENT27
0000001c   _EVENT28
0000001d   _EVENT29
0000001e   _EVENT30
0000001f   _EVENT31
00000020   _EVENT32
00000021   _EVENT33
00000022   _EVENT34
00000023   _EVENT35
00000024   _EVENT36
00000025   _EVENT37
00000026   _EVENT38
00000027   _EVENT39
00000004   _EVENT4
00000028   _EVENT40
00000029   _EVENT41
0000002a   _EVENT42
0000002b   _EVENT43
0000002c   _EVENT44
0000002d   _EVENT45
0000002e   _EVENT46
0000002f   _EVENT47
00000030   _EVENT48
00000031   _EVENT49
00000005   _EVENT5
00000032   _EVENT50
00000033   _EVENT51
00000034   _EVENT52
00000035   _EVENT53
00000036   _EVENT54
00000037   _EVENT55
00000038   _EVENT56
00000039   _EVENT57
0000003a   _EVENT58
0000003b   _EVENT59
00000006   _EVENT6
0000003c   _EVENT60
0000003d   _EVENT61
0000003e   _EVENT62
0000003f   _EVENT63
00000040   _EVENT64
00000041   _EVENT65
00000042   _EVENT66
00000043   _EVENT67
00000044   _EVENT68
00000045   _EVENT69
00000007   _EVENT7
00000046   _EVENT70
00000047   _EVENT71
00000048   _EVENT72
00000049   _EVENT73
0000004a   _EVENT74
0000004b   _EVENT75
0000004c   _EVENT76
0000004d   _EVENT77
0000004e   _EVENT78
0000004f   _EVENT79
00000008   _EVENT8
00000050   _EVENT80
00000051   _EVENT81
00000052   _EVENT82
00000053   _EVENT83
00000054   _EVENT84
00000055   _EVENT85
00000056   _EVENT86
00000057   _EVENT87
00000058   _EVENT88
00000059   _EVENT89
00000009   _EVENT9
0000005a   _EVENT90
0000005b   _EVENT91
0000005c   _EVENT92
0000005d   _EVENT93
0000005e   _EVENT94
0000005f   _EVENT95
00000060   _EVENT96
00000061   _EVENT97
00000062   _EVENT98
00000063   _EVENT99
118085e4   _EVMOMAPL138_enableDsp
11808560   _EVMOMAPL138_init
11807dcc   _EVMOMAPL138_initRAM
11807cb8   _EVMOMAPL138_lpscTransition
11807c6c   _EVMOMAPL138_pinmuxConfig
11821490   _EXC_clearLastStatus
11822f00   _EXC_dispatch
118212b4   _EXC_exceptionHandler
1182b6d8   _EXC_exceptionHook
11821280   _EXC_external
1182b6e0   _EXC_externalHook
11821260   _EXC_getLastStatus
11821220   _EXC_init
11820f74   _EXC_internal
1182b6dc   _EXC_internalHook
11820f40   _EXC_nmi
1182b6e4   _EXC_nmiHook
1182b690   _EXC_returnPtr
118230c4   _EXC_setReturnPtr
11820900   _EXC_status
1182b688   _EXC_sysTrapTable
1182b538   _F28335_Extra1
1182b53c   _F28335_Extra2
1182b540   _F28335_Extra3
1182b544   _F28335_Extra4
11824da0   _FXN_F_nop
118249e4   _FXN_F_run
11824a20   _FXN_F_zero
118063d4   _Fix_Equivalency
00000000   _GBL_CACHE
118240a8   _GBL_cacheInit64P
1182b418   _GBL_clkIn
1182b41c   _GBL_freq
11824dc0   _GBL_getVersion
1182b414   _GBL_procId
11810d6c   _GPIO_getInput
11810d20   _GPIO_getOutput
11810b78   _GPIO_setDir
11810bd8   _GPIO_setOutput
11810c38   _GPIO_toggleLoop
11815f80   _HOSTclose
11814cc0   _HOSTlseek
118151c0   _HOSTopen
118158c0   _HOSTread
11813f60   _HOSTrename
11815980   _HOSTunlink
11815a40   _HOSTwrite
118294a0   _HSRTDX_rec
11829c00   _HSRTDX_xmt
1182f16c   _HST_A_TABBEG
1182f1a8   _HST_A_TABEND
00009978   _HWI_CFGDISPATCHED
1182b6b4   _HWI_D_inhwi
1182b6a8   _HWI_D_spsave
118214c0   _HWI_F_dispatch
0000000a   _HWI_INT10
0000000b   _HWI_INT11
0000000c   _HWI_INT12
0000000d   _HWI_INT13
0000000e   _HWI_INT14
0000000f   _HWI_INT15
00000004   _HWI_INT4
00000005   _HWI_INT5
00000006   _HWI_INT6
00000007   _HWI_INT7
00000008   _HWI_INT8
00000009   _HWI_INT9
00000001   _HWI_NMI
00000002   _HWI_RESERVED0
00000003   _HWI_RESERVED1
00000000   _HWI_RESET
1182b058   _HWI_STKBOTTOM
1182a460   _HWI_STKTOP
1182b6a8   _HWI_data
11824a40   _HWI_disable
1182b274   _HWI_dispatchTab
11824a58   _HWI_enable
11824a6c   _HWI_restore
1180cd80   _I2CGPIO_getInput
1180cc50   _I2CGPIO_getInputAll
1180cb78   _I2CGPIO_init
1180ca60   _I2CGPIO_setOutput
1180ca00   _I2CGPIO_setOutputAll
1180f4e0   _I2C_init
1180f6e0   _I2C_read
1180f5b8   _I2C_write
1182f0bc   _IDL_busyObj
11829484   _IDL_cpuLoad
11824de0   _IDL_loop
1182b66c   _IRAM
11827484   _IRAM_base
00002000   _IRAM_length
1182b180   _Image_data
11817388   _K
1182b5d8   _KNL_alarm
11824160   _KNL_check
1182b5fc   _KNL_curqueue
1182b5ec   _KNL_curtask
1182b5f4   _KNL_curtime
11820728   _KNL_dummy
118244c0   _KNL_enter
11824480   _KNL_exit
11824228   _KNL_idle
1182b614   _KNL_idlefxn
1182b5e0   _KNL_inactive
11824680   _KNL_ipost
11824250   _KNL_max
1182b600   _KNL_maxqueue
11824700   _KNL_post
1182b5f0   _KNL_prevtask
1182b5e4   _KNL_priority
11820688   _KNL_queues
118226e0   _KNL_run
11823980   _KNL_saveIsrFrame
1182b5e8   _KNL_set
1182b5dc   _KNL_setpri
1182e7a8   _KNL_swi
1182b5f8   _KNL_swiptr
11823a2c   _KNL_switch
1182b608   _KNL_tcreatefxn
1182b60c   _KNL_tdeletefxn
11822cf4   _KNL_tick
1182b610   _KNL_treadyfxn
1182b604   _KNL_tswitchfxn
1182b5d0   _KNL_wFlag
1182b5d4   _KNL_wList
ffffffff   _L3_CBA_RAM
118059f4   _LADAR_Get_and_Process_Scan
11805418   _LADAR_scan
118051f8   _LADAR_sendG
11817908   _LADARangle
1182b5a0   _LADARcenterFt
11817cf0   _LADARdataX
118180d8   _LADARdataY
11805574   _LADARdetections2xy
11817520   _LADARdistance
1181da20   _LADARinBuffer
1182b59c   _LADARleftFt
1181df98   _LADARoutBuffer
1182b56c   _LADARprocess
1181e794   _LADARps
1182b568   _LADARready
1182b5a4   _LADARrightFt
118061d0   _LADARtask
11808de8   _LCD
11813bc0   _LCDPrintfLine
1182b188   _LCD_Image
1182b714   _LCD_mem
11803f8c   _LCD_saturate
1182b720   _LCDnewMsgLine1
1182b724   _LCDnewMsgLine2
11813a80   _LCDvPrintfLine
118247a0   _LCK_pend
11824780   _LCK_post
11829488   _LNK_dataPump
1182b6c4   _LNK_dspFrameReadyMask
1182b6c0   _LNK_dspFrameRequestMask
1182b6cc   _LNK_readDone
1182b6d0   _LNK_readFail
1182b6c8   _LNK_readPend
1182b6d4   _LNK_writeFail
1182b7cc   _LOG_A_TABBEG
1182b7fc   _LOG_A_TABEND
00000002   _LOG_A_TABLEN
1182b380   _LOG_D_system
11824800   _LOG_event
1182b7cc   _LOG_system
1182b184   _Linux_Image
1182b740   _MEM
1182b420   _MEM_D_NUMSEGMENTS
1182b428   _MEM_D_freelist
1182b42c   _MEM_D_lockaddr
1182b424   _MEM_D_memtab
1182b430   _MEM_D_unlockaddr
11822920   _MEM_alloc
11822d20   _MEM_free
1182dac0   _MEM_init
1182b650   _MEM_memtab
1180a140   _Matrix1x3_Mult
1180a0f4   _Matrix3x1_Add
1180a0a0   _Matrix3x1_Mult
1180a060   _Matrix3x2_Mult
11809ef4   _Matrix3x3_Add
11809cec   _Matrix3x3_Invert
11809b10   _Matrix3x3_Mult
11809a80   _Matrix3x3_Trans
1182b624   _McBSPrecerror
118207f8   _OBJ_segtab
118207c0   _OBJ_table
118184d4   _OPTITRACKps
118184c0   _Optitrackdata
1182ef40   _PIP_A_TABBEG
1182f008   _PIP_A_TABEND
1182b3c0   _PRD_D_tick
1182f14c   _PRD_addtime
11820978   _PRD_clock
1182f12c   _PRD_startMcBSP
1182e77c   _PRD_swi
1181bf28   _PRUCode
11807750   _PRU_HWI
11815154   _PRU_load
11815128   _PRU_reset
11815134   _PRU_restart
11815118   _PRU_run
118150cc   _PRU_stop
118150c0   _PRU_wakeup
11817450   _P_pred
118173b0   _Q
118173d8   _R
1181e788   _ROBOTps
1182948c   _RTA_dispatcher
1182f170   _RTA_fromHost
1182f18c   _RTA_toHost
1182dc80   _RTDX_Buffer
1182e08c   _RTDX_Buffer_End
1182a280   _RTDX_Buffer_Initialize
1182a400   _RTDX_Buffer_Read
1182a340   _RTDX_Buffer_ReadCB
1182a380   _RTDX_Buffer_Size
1182e088   _RTDX_Buffer_Start
1182a420   _RTDX_Buffer_Write
11829740   _RTDX_Buffer_WriteCB
1182a200   _RTDX_Final_RT_Monitor
1182a2e0   _RTDX_Init_RT_Monitor
00000002   _RTDX_JTAGONLY
1182a440   _RTDX_Mask_IER
11829f00   _RTDX_Mon_Queue
1182a160   _RTDX_Poll
00000000   _RTDX_interrupt_mask
1182a3c0   _RTDX_memfill
1182e0e0   _RTDX_writing
1180142c   _RobotControl
11817400   _S
1182b66c   _SEG0
11824b00   _SEM_pend
118232c0   _SEM_pendEnterKnl
118243a0   _SEM_post
118243a0   _SEM_postBinary
11824540   _SEM_postEnterKnl
1180fa68   _SPI_init
1180f8e0   _SPI_xfer
1182f008   _STS_A_TABBEG
1182f0c8   _STS_A_TABEND
11824b8c   _STS_add
11824b60   _STS_delta
11824ba8   _STS_reset
11824e00   _STS_set
1182e750   _SWI_Astar
1182b458   _SWI_D_curfxn
1182b448   _SWI_D_curmask
1182b44c   _SWI_D_curset
1182b444   _SWI_D_execaddr
1182b460   _SWI_D_inswi
1182b450   _SWI_D_lock
1182b45c   _SWI_D_rdybeg
1182b440   _SWI_D_runaddr
1182e6f8   _SWI_LCD
1182e7d4   _SWI_RobotControl
1182b440   _SWI_data
11821a10   _SWI_post
1182e724   _SWI_vision
1182b434   _SYS
1182e4f8   _SYS_PUTCBEG
1182e6f7   _SYS_PUTCEND
11824bc0   _SYS_abort
11824980   _SYS_error
118245e0   _SYS_exit
118208a8   _SYS_exitStack
1182b730   _SYS_exitStackPtr
1182b734   _SYS_exitStackTop
11817428   _S_inv
1180a6f0   _SetRobotOutputs
1180a5d8   _SetRobotOutputs_manual
118063a8   _Set_Equivalency
1182d6d8   _TRC_R_mask
1182b710   _TSK
11820760   _TSK_ATTRS
1182ed8c   _TSK_ComWithLinux
1182edec   _TSK_LADAR
1182077c   _TSK_config
11823dc0   _TSK_exit
1182ed2c   _TSK_idle
1182db80   _TSK_init
1182b708   _TSK_nTasks
1182b70c   _TSK_pid
11823640   _TSK_setup
11824324   _TSK_startup
1182079c   _TSK_timerSem
1182b100   _TURNGAIN
1182b240   _Thres_Image
1180eae0   _UART_init
1180eac0   _UART_rxByte
1180e8f0   _UART_txArray
1180e8a0   _UART_txByte
1180ea54   _UART_txString
1180e9c0   _UART_txUint32
1180e978   _UART_txUint8
1181383c   _USTIMER_delay
11813810   _USTIMER_get
1181372c   _USTIMER_init
118136f4   _USTIMER_reset
118136e0   _USTIMER_set
11807c58   _UTIL_isUIBoardAttached
11807aec   _UTIL_printMem
11824d00   _UTL_doAbort
11824e20   _UTL_doError
11824d40   _UTL_doPutc
11824e40   _UTL_halt
11804124   _UpdateLCDwithLADAR
11800b00   _UpdateOptitrackStates
1182b070   _VBvalue1
1182b074   _VBvalue2
118076f0   _VPIF_HWI
1182b264   _VPIF_beginning_line
1180ac0c   _VPIF_initReceive
1180aa98   _VPIF_initReceive_withPRU
1180a880   _VPIF_initTransmit
1182b0fc   _VREFGAIN
1181d94c   __BCACHE_emifAddr
1182ec00   __CIOBUF_
11823950   __CLK_lat1beg
11823970   __CLK_lat1end
1182b43c   __HOOK_NUMHOOKS
1182b438   __HOOK_knlId
118214c0   __HWI_lat1beg
11821648   __HWI_lat1end
11821648   __HWI_lat2beg
11821824   __HWI_lat2end1
118217b0   __HWI_lat2end2
11821840   __HWI_lat3beg
118217e0   __HWI_lat3end2
11824aa0   __IDL_lat1beg
11824ae0   __IDL_lat1end
118241ac   __KNL_lat1beg
11824228   __KNL_lat1end
11824800   __LOG_lat1beg
1182083c   __MEM_mutex
11822500   __RTA_lat1beg
11822534   __RTA_lat1end
118234a0   __SEM_dopost
1182b060   __STACK_END
00000c00   __STACK_SIZE
11821b18   __SWI_lat1beg
11821bc4   __SWI_lat1end
11821bc8   __SWI_lat2beg
11821c28   __SWI_lat2end
118219a0   __SWI_lat3beg
11821a0c   __SWI_lat3end
11820814   __TSK_mutex
11820954   ___TI_enable_exit_profile_output
ffffffff   ___TI_pprof_out_hndl
ffffffff   ___TI_prof_data_size
ffffffff   ___TI_prof_data_start
11816d20   ___add_dtor
11820238   ___atexit_func_id__
ffffffff   ___binit__
1182b060   ___bss__
ffffffff   ___c_args__
11824e80   ___cinit__
11800000   ___data__
11800000   ___edata__
1182b748   ___end__
11817100   ___etext__
11816d60   ___isinf
11829494   ___pinit__
11800000   ___text__
11823c80   __auto_init
118152a0   __c6xabi_divi
11815bc0   __c6xabi_divu
11816020   __cleanup
1182094c   __cleanup_ptr
11814600   __closefile
1182d2a0   __ctypes_
1180b560   __divd
11811e40   __divf
118152a0   __divi
118160c0   __divli
11815bc0   __divu
11813c20   __divul
11812340   __divull
11815c80   __doflush
11820950   __dtors_ptr
118162a0   __fixdli
118167a0   __fltlid
11816de0   __frcmpyd_div
11820230   __ft_end
1181ff10   __ftable
11816820   __llshl
11816e20   __llshru
11820958   __lock
11816f80   __negll
11816fa0   __nop
11816340   __nround
1180e020   __printfi
11817040   __register_lock
11817060   __register_unlock
11816ee0   __remli
11816f20   __remul
11816a20   __remull
118168a0   __roundf
11809180   __scanfi
1182a460   __stack
11816a80   __subcull
118200f0   __tmpnams
11817080   __trunc
118170a0   __truncf
1182095c   __unlock
11814dc0   __wrt_ok
1182b500   _adcA0
1182b508   _adcA1
1182b510   _adcA2
1182b518   _adcA3
1182b520   _adcA4
1182b528   _adcA5
1182b530   _adcA6
1182b534   _adcA7
1182b504   _adcB0
1182b50c   _adcB1
1182b514   _adcB2
1182b51c   _adcB3
1182b524   _adcB4
1182b52c   _adcB5
11800a28   _add2pque
1180a5b8   _addtime
11814960   _atan2f
11815380   _atanf
11815d40   _atexit
11815460   _atoi
1182b15c   _ballcnt
1182b138   _bdist
1182d3a8   _bitval_u32
1182b71e   _bkgrnd_blue
1182b71d   _bkgrnd_green
1182b71c   _bkgrnd_red
1182b204   _blue
1182b718   _bluegain
1182b258   _bnumpels
1182b248   _bobject_x
1182b250   _bobject_y
1182b140   _brow
1182b1b8   _c
1182b598   _cCommandName
1182b591   _cLADARdata
1182b590   _cPrevLADARdata
1182da00   _c_int00
11814ec0   _call_dtors
1182240c   _calloc
1182b1e4   _cbar
1182b158   _cbc
1182b150   _cbx
1182b154   _cby
1182b10c   _child
1182b108   _childs
11815540   _close
1182b1cc   _color
1182b1d0   _color2
1182b260   _colortoggle
1182b4f8   _compass
11807908   _config_pll0
118077a0   _config_pll1
1181d9f0   _corner_x
1181da08   _corner_y
1181d950   _cornersX
1181d9a0   _cornersY
118110a0   _cos
11812ea0   _cosf
1182b1dc   _cprime
1182b268   _current
1182b1c8   _current_object
1182b644   _danindex
1181bd08   _dataString
118195a0   _dcoeff
11803f28   _decode2byteLADAR
1182b12c   _delayTime
1182b218   _delta
1182b270   _done
11820864   _dtors
1181ef70   _enc0_array
1182b4e8   _enc1
1182b098   _enc1old
1182b4ec   _enc2
1182b09c   _enc2old
1182b4f0   _enc3
1182b4f4   _enc4
1182b26c   _equivalency
1181c1b0   _equivalency_objects
1182b57c   _errC
1182b578   _errL
1182b580   _errR
11820684   _errno
1182b0f8   _errorcheck
11817360   _eye3
1182b4e4   _f28335RecFirsttime
11820500   _f28335TXData
11820400   _f28335recData
1182b5a8   _fLEFT_RIGHT_ANGLE
1181d5b0   _final_object_stats
1182b128   _findingPath
1182b0d8   _firstdata
1182b648   _firsttimeLine1
1182b64c   _firsttimeLine2
1182b628   _firsttimeintMCBSPrec
11811640   _fmodf
118130c0   _fputc
118100c0   _fputs
1182b0e4   _frame_error
118221e0   _free
11815620   _frexpf
11817100   _fromLinuxstring
11814a80   _fseek
1182b120   _goalNo
11818bd0   _goal_loc
1182b200   _green
11800a08   _gridrc2xy
1182b0b4   _gyro
1182b0c8   _gyro4x_gain
1182b0a8   _gyro_angle
1182b0b8   _gyro_degrees
1182b0b0   _gyro_drift
1182b0bc   _gyro_radians
1182b0c0   _gyro_x
1182b0c4   _gyro_y
1182b0a4   _gyro_zero
1182b208   _hue
1181c188   _i2cdata
1182b594   _iLADARrcv
1182b060   _index
11807440   _init_ColorVision
1180c080   _init_DMA
11803d24   _init_LADAR
11808b50   _init_LCD
118088d4   _init_LCD_mem
1180a1a0   _init_McBSP
1182b1b0   _k
1182b134   _kp_vision
1182b1f4   _largest_num_pixels
1182b1f8   _largest_object
11814ba0   _ldexpf
1182b1c0   _left
1182b148   _lgate
11816520   _lseek
11815e00   _ltoa
118002e8   _main
11822204   _malloc
118184e0   _maze
1182b638   _mcbspReset
11822348   _memalign
11816ae0   _memccpy
118165c0   _memcpy
11815700   _memset
1182b214   _min
11816660   _modf
11816b40   _modff
1180fce0   _my_atanf
11806334   _my_max
11806320   _my_min
1182b1e8   _neighbor_type
1181e3a0   _newLADARangle
1182b5b8   _newLADARdata
1181e7a0   _newLADARdataX
1181eb88   _newLADARdataY
1181dfb8   _newLADARdistance
1182b164   _newMatlab_data
11800284   _newSTreeNode
1182b620   _newServos
1182b1ac   _new_C02
1182b1a8   _new_C20
1181be08   _new_DataArr
1182b078   _new_VB_data
1182b198   _new_coordata
1182b1a0   _new_num_found_objects
1182b1a4   _new_object_theta
1182b0dc   _new_optitrack
1182b548   _new_sendtolinux_F28335_Extra
1182b07c   _newnavdata
11800274   _newpque
1182b084   _newturn
1182b080   _newvref
1182b18c   _noimagefound
1182b574   _numReadings
1182b55c   _num_EDMA3_0
1182b1c4   _num_unique_objects
1182b560   _numofints
1182b19c   _numpels
1182b5ac   _numreadings_lastscan
1182b1f0   _object_detected
1181c9b0   _object_stats
1182b190   _object_x
1182b194   _object_y
11818858   _obstCount
1182b13c   _odist
1182b0ac   _old_gyro
1182b25c   _onumpels
1182b24c   _oobject_x
1182b254   _oobject_y
1182b144   _orow
11818f60   _path
11819280   _pathGC
1182b124   _pathReady
118195f8   _patharray
1182b114   _pathsize
1182b17c   _pic_data
11800238   _pollpque
11818f50   _pq
1182b0e0   _previous_frame
1182b220   _print_b
1182b221   _print_g
1182b21c   _print_hue
1182b21f   _print_r
1182b21d   _print_sat
1182b21e   _print_val
118157e0   _printf
1182b244   _ptrshrdmem
118130c0   _putc
1182b1b4   _r
1182b1e0   _rbar
11816920   _readmsg
11822264   _realloc
1182b1fc   _red
118170e0   _remove
1182b14c   _rgate
1182b11c   _robotCol
1182b118   _robotRow
1182b5c4   _robotT
1182b5bc   _robotX
1182b5c0   _robotY
118174c0   _robotdest
1182b0d0   _robotdestSize
11803d00   _roundFloatToInt
118195b0   _rows
1182b1d8   _rprime
1182b6f0   _rtdxNullChanCnt
1182b6f4   _rtdxNullFuncCnt
1182b6fc   _rtdxRecNotDoneCnt
1182b704   _rtdxXmtErrorCnt
1182b6f8   _rtdxXmtNotDoneCnt
1182b700   _rtdxXmtRestartCnt
1182e0d4   _rtdx_buffer_state
1182e090   _rtdx_mon_state
1182b104   _runAstar
1182b20c   _sat
1182b564   _scalingLadar
1182b54c   _send_F28335_Extra1
1182b550   _send_F28335_Extra2
1182b554   _send_F28335_Extra3
1182b558   _send_F28335_Extra4
1180a564   _send_McBSP
1182b618   _servosPosted
118087ac   _set_background
1182b0a0   _settlegyro
118134e0   _setvbuf
11803ce0   _signf
118120c0   _sin
11812a40   _sinf
1182b234   _specs_h
1182b238   _specs_h2
1182b23c   _specs_hrad
1182b224   _specs_s
1182b228   _specs_srad
1182b22c   _specs_v
1182b230   _specs_vrad
11808758   _spi_command
11808700   _spi_data
11816ba0   _sprintf
11814fc0   _sqrtf
11816c00   _sscanf
1182b110   _start
1182b5b0   _startAngle
1180a4c4   _startMcBSP
1182b130   _stateMachine
1182b0cc   _statePos
1182b5b4   _stepSize
1180cea0   _strtod
1180d300   _strtol
1180d760   _strtold
1180dbc0   _strtoll
1180ece0   _strtoul
1180f0e0   _strtoull
1182b4fc   _switchstate
1182b588   _tLADARcenterFt
1182b584   _tLADARleftFt
1182b58c   _tLADARrightFt
1182b0ec   _tempOPTITRACK_theta
1182b5cc   _tempOff
1182b5c8   _tempSign
118174a0   _temp_3x1
11817478   _temp_3x3
1181c5b0   _temp_equivalency_objects
1182b0e8   _temp_theta
1182b0f0   _temp_trackableID
1182b640   _testcount
1182b178   _testvar
1182b168   _timecount
1182b630   _timeint
11817208   _toLinuxstring
1182b1ec   _too_many_objects
1182b1bc   _top
1182b7e4   _trace
1182b0f4   _trackableID
1182b0d4   _trackableIDerror
1182b06c   _tskcount
1182b068   _turn
11817338   _u
1182b570   _uart1count
118169a0   _unlink
1182b174   _updateLCD
11800020   _updateMaze
11806678   _userProcessColorImageFunc_laser
1182b210   _value
1182b088   _vel1
1182b090   _vel1old
1182b08c   _vel2
1182b094   _vel2old
11807428   _vision
11818bd8   _visited
1182b064   _vref
11816c60   _vsprintf
1182b170   _whichled
11816700   _write
11816cc0   _writemsg
11817310   _x_pred
11800000   _xy2gridrc
1180fd54   _xy_control
118174b0   _ytilde
11817350   _z
ffffffff   binit
11824e80   cinit
11800000   edata
1182b748   end
11817100   etext
1182e800   hwi0
1182e820   hwi1
1182e940   hwi10
1182e960   hwi11
1182e980   hwi12
1182e9a0   hwi13
1182e9c0   hwi14
1182e9e0   hwi15
1182e840   hwi2
1182e860   hwi3
1182e880   hwi4
1182e8a0   hwi5
1182e8c0   hwi6
1182e8e0   hwi7
1182e900   hwi8
1182e920   hwi9
11829494   pinit
1182b7e4   trace
1182ea00   trace$buf
00000001   trace$datatype
00000000   trace$log
00000080   trace$size


GLOBAL SYMBOLS: SORTED BY Symbol Address 

address    name
--------   ----
00000000   BUF$
00000000   CLK_PRDHIGH
00000000   CLK_RESETTIMER
00000000   CLK_TDDR
00000000   CLK_TDDRHIGH
00000000   DEV$
00000000   DGN$
00000000   DHL$
00000000   DHL_gChannelsAvailable
00000000   DIO$
00000000   DIO_NUMSWIBASE
00000000   DIO_NUMTSKBASE
00000000   DIO_STATIC
00000000   DPI$
00000000   ECM$
00000000   ECM_ENABLE
00000000   GBL_BCACHEREADADDR0
00000000   GBL_BCACHEREADADDR1
00000000   GBL_BCACHEREADADDR2
00000000   GBL_BIGENDIAN
00000000   GBL_CACHE
00000000   GBL_CALLCSLCFGINIT
00000000   GBL_ENABLE_SK
00000000   GBL_GEMTRUECOMPEN
00000000   GBL_L2MAR0_31
00000000   GBL_L2MAR160_191
00000000   GBL_L2MAR224_255
00000000   GBL_L2MAR32_63
00000000   GBL_L2MAR64_95
00000000   GBL_L2MAR96_127
00000000   GBL_NULL
00000000   GBL_PROCID
00000000   GBL_ROM
00000000   GBL_SUPPORTCSL
00000000   GBL_USERINIT
00000000   GIO$
00000000   HOOK$
00000000   HOOK_KNLID
00000000   HST_DSM
00000000   HST_NONE
00000000   HWI_GENERATE_RESET_VEC
00000000   HWI_INT10$hwi
00000000   HWI_INT11$hwi
00000000   HWI_INT12$hwi
00000000   HWI_INT13$hwi
00000000   HWI_INT14$hwi
00000000   HWI_INT15$hwi
00000000   HWI_INT4$hwi
00000000   HWI_INT5$hwi
00000000   HWI_INT6$hwi
00000000   HWI_INT7$hwi
00000000   HWI_INT8$hwi
00000000   HWI_INT9$hwi
00000000   HWI_NMI$hwi
00000000   HWI_POLARITYMASK
00000000   HWI_RESERVED0$hwi
00000000   HWI_RESERVED1$hwi
00000000   HWI_RESET
00000000   HWI_RESET$hwi
00000000   HWI_ZEROTAB
00000000   IDL_busyObj$iB
00000000   IDL_busyObj$operation
00000000   KNL_swi$pri
00000000   KNL_swi$sts$unittype
00000000   KNL_swi$swi
00000000   LOG_system$datatype
00000000   LOG_system$log
00000000   MBX$
00000000   MEM_NULL
00000000   MEM_USEMPC
00000000   MSGQ$
00000000   MSGQ_USEMSGQ
00000000   OBJ$
00000000   PIP$
00000000   PIP_gNextId
00000000   POOL$
00000000   POOL_USEPOOL
00000000   PRD_addtime$mode
00000000   PRD_addtime$prd
00000000   PRD_addtime$sts$filter
00000000   PRD_startMcBSP$mode
00000000   PRD_startMcBSP$prd
00000000   PRD_startMcBSP$sts$filter
00000000   PRD_swi$sts$unittype
00000000   PRD_swi$swi
00000000   PWRM_PWRM_ENABLE
00000000   PWRM_PWRM_INITSPPER
00000000   PWRM_PWRM_LOADENABLE
00000000   PWRM_PWRM_RESOURCETRACKING
00000000   PWRM_PWRM_SCALING
00000000   PWRM_PWRM_TIMERIDNUM
00000000   PWRM_PWRM_TIMERINTRMASK
00000000   PWRM_PWRM_TIMERWUGENMASK
00000000   PWRM_PWRM_USERRESOURCES
00000000   PWRM_PWRM_USETIMER
00000000   RTA_fromHost$hst
00000000   RTA_fromHost$mode
00000000   RTA_toHost$hst
00000000   RTA_toHost$id
00000000   RTDX_MODE
00000000   RTDX_USERTEXECUTION
00000000   SEM$
00000000   SIO$
00000000   SWI_Astar$sts$unittype
00000000   SWI_Astar$swi
00000000   SWI_EHOOKFXN
00000000   SWI_IHOOKFXN
00000000   SWI_LCD$sts$unittype
00000000   SWI_LCD$swi
00000000   SWI_RobotControl$sts$unittype
00000000   SWI_RobotControl$swi
00000000   SWI_vision$sts$unittype
00000000   SWI_vision$swi
00000000   TSK_ComWithLinux$sts$unittype
00000000   TSK_ComWithLinux$tsk
00000000   TSK_LADAR$sts$unittype
00000000   TSK_LADAR$tsk
00000000   TSK_NUM_HOOKS
00000000   TSK_READYFXN
00000000   TSK_STACKSEG
00000000   TSK_SWITCHFXN
00000000   TSK_idle$pri
00000000   TSK_idle$sts$unittype
00000000   TSK_idle$tsk
00000000   UDEV$
00000000   _CLK_TDDR
00000000   _GBL_CACHE
00000000   _HWI_RESET
00000000   _RTDX_interrupt_mask
00000000   trace$log
00000001   BUF_ENABLED
00000001   CLK$
00000001   CLK_CALDIV
00000001   CLK_CALMULT
00000001   CLK_ENABLEHTIME
00000001   CLK_HTIMEDIV
00000001   CLK_HTIMEMULT
00000001   CLK_LTIMEDIV
00000001   CLK_POWERENABLE
00000001   CLK_TIMERNUM
00000001   CLK_USETIMER
00000001   GBL$
00000001   GBL_ENABLEINST
00000001   GBL_L2CONFIGURE
00000001   GBL_L2MAR128_159
00000001   GBL_L2MODE
00000001   GBL_boot
00000001   HST$
00000001   HST_RTDX
00000001   HWI$
00000001   HWI_ENABLE_EXC
00000001   HWI_NMI
00000001   IDL$
00000001   IDL_USECLKIDLTIME
00000001   IDL_busyObj$filter
00000001   IDL_busyObj$iA
00000001   IDL_busyObj$iC
00000001   ISRC$
00000001   KNL_swi$dorta
00000001   KNL_swi$sts$filtmaxmult
00000001   KNL_swi$sts$filtsummult
00000001   LCK$
00000001   LOG$
[...]
1181e7a0   _newLADARdataX
1181eb88   _newLADARdataY
1181ef70   _enc0_array
1181ff10   __ftable
118200f0   __tmpnams
11820230   __ft_end
11820234   _CLK_inputClock
11820238   ___atexit_func_id__
11820400   _f28335recData
11820500   _f28335TXData
11820684   _errno
11820688   _KNL_queues
11820728   _KNL_dummy
11820760   _TSK_ATTRS
1182077c   _TSK_config
1182079c   _TSK_timerSem
118207c0   _OBJ_table
118207f8   _OBJ_segtab
11820814   __TSK_mutex
1182083c   __MEM_mutex
11820864   _dtors
118208a8   _SYS_exitStack
11820900   _EXC_status
1182094c   __cleanup_ptr
11820950   __dtors_ptr
11820954   ___TI_enable_exit_profile_output
11820958   __lock
1182095c   __unlock
11820968   RTA_fromHost$buf
11820978   CLK_A_TABBEG
11820978   PRD_clock
11820978   _PRD_clock
1182097c   CLK_null
11820980   LNK_F_checkBufferCall
118209a0   LNK_F_getChanPtr
118209f8   LNK_F_init
11820a00   LNK_F_dataPump
11820a10   LNK_rcloop
11820ad4   LNK_rdrtry
11820ae4   LNK_rrloop
11820ba4   LNK_wrrtry
11820bb0   LNK_wrloop
11820c80   LNK_newin
11820db4   LNK_newout
11820f08   LNK_F_readCallBack
11820f40   _EXC_nmi
11820f74   _EXC_internal
11821220   _EXC_init
11821260   _EXC_getLastStatus
11821280   _EXC_external
118212b4   _EXC_exceptionHandler
11821490   _EXC_clearLastStatus
118214c0   CLK_HOOKFXN
118214c0   HWI_F_dispatch
118214c0   _HWI_F_dispatch
118214c0   __HWI_lat1beg
11821648   __HWI_lat1end
11821648   __HWI_lat2beg
118217b0   __HWI_lat2end2
118217e0   __HWI_lat3end2
11821824   __HWI_lat2end1
11821840   __HWI_lat3beg
118219a0   SWI_F_enable
118219a0   __SWI_lat3beg
11821a0c   __SWI_lat3end
11821a10   SWI_F_post
11821a10   _SWI_post
11821b18   __SWI_lat1beg
11821b84   SWI_EXECFXN
11821b84   SWI_F_exec
11821bac   SWI_F_iexec
11821bc4   __SWI_lat1end
11821bc8   __SWI_lat2beg
11821c28   __SWI_lat2end
11821c2c   SWI_F_run
11821c2c   SWI_RUNFXN
11821e60   PRD_F_swi
118220e4   PRD_F_tick
118221e0   _free
11822204   _malloc
11822264   _realloc
11822348   _memalign
1182240c   _calloc
11822460   RTA_F_getlog
11822498   RTA_F_getsts
118224d8   RTA_F_readblk
118224f4   RTA_F_writeword
11822500   RTA_F_resetmem
11822500   __RTA_lat1beg
11822534   __RTA_lat1end
11822540   RTA_F_dispatch
1182258c   RTA_execute
118226e0   _KNL_run
11822920   _MEM_alloc
11822cf4   PRD_THOOKFXN
11822cf4   _KNL_tick
11822d20   _MEM_free
11822f00   _EXC_dispatch
118230c4   _EXC_setReturnPtr
118230e0   PIP_F_take
11823158   PIP_F_give
11823158   PIP_F_probe
11823228   PIP_F_start
118232c0   _SEM_pendEnterKnl
118234a0   __SEM_dopost
11823640   _TSK_setup
118237e0   CLK_F_getltime
118237f0   CLK_F_isr
11823930   CLK_F_itime
11823930   _CLK_F_itime
11823930   _CLK_itime
11823950   __CLK_lat1beg
11823970   __CLK_lat1end
11823980   _KNL_saveIsrFrame
11823a2c   _KNL_switch
11823ad8   KNL_glue
11823c30   _BCACHE_wbInv
11823c44   _BCACHE_wb
11823c54   _BCACHE_inv
11823c80   __auto_init
11823dc0   _TSK_exit
11823f00   _BCACHE_setSize
11823f44   _BCACHE_setMar
11823f94   _BCACHE_bootInit
11823f94   _BCACHE_setCacheToSram
11823fc4   _BCACHE_getSize
11824014   _BCACHE_getMar
118240a8   _GBL_cacheInit64P
11824160   _KNL_check
118241ac   __KNL_lat1beg
11824228   _KNL_idle
11824228   __KNL_lat1end
11824250   _KNL_max
11824324   _TSK_startup
118243a0   _SEM_post
118243a0   _SEM_postBinary
11824480   _KNL_exit
118244c0   _KNL_enter
11824540   _SEM_postEnterKnl
118245e0   _SYS_exit
11824680   _KNL_ipost
11824700   _KNL_post
11824780   _LCK_post
118247a0   _LCK_pend
11824800   LOG_F_event
11824800   _LOG_event
11824800   __LOG_lat1beg
11824880   _BCACHE_wait
11824900   IDL_F_calibrate
11824980   _SYS_error
118249e0   FXN_F_nop
118249e4   FXN_F_run
118249e4   _FXN_F_run
11824a20   FXN_F_zero
11824a20   _FXN_F_zero
11824a40   _HWI_disable
11824a58   _HWI_enable
11824a6c   _HWI_restore
11824aa0   IDL_F_busy
11824aa0   __IDL_lat1beg
11824ae0   __IDL_lat1end
11824b00   _SEM_pend
11824b60   STS_F_delta
11824b60   _STS_delta
11824b8c   STS_F_add
11824b8c   _STS_add
11824ba8   STS_F_reset
11824ba8   _STS_reset
11824bc0   _SYS_abort
11824c20   _CLK_measure
11824c80   IDL_CALIBRFXN
11824c80   IDL_F_stub
11824cc0   RTA_F_andn
11824cd8   RTA_F_or
11824d00   SYS_ABORTFXN
11824d00   _UTL_doAbort
11824d40   SYS_PUTCFXN
11824d40   _UTL_doPutc
11824d80   _CLK_getltime
11824da0   GBL_USERINITFXN
11824da0   GIO_CREATEFXN
11824da0   GIO_DELETEFXN
11824da0   GIO_PENDFXN
11824da0   GIO_POSTFXN
11824da0   PWRM_PWRM_SHAREDRESOURCEFXN
11824da0   PWRM_PWRM_SLOTHOOKFXN
11824da0   TSK_VCREATEFXN
11824da0   TSK_VDELETEFXN
11824da0   TSK_VEXITFXN
11824da0   _FXN_F_nop
11824dc0   _GBL_getVersion
11824de0   IDL_F_loop
11824de0   _IDL_loop
11824e00   _STS_set
11824e20   SYS_ERRORFXN
11824e20   _UTL_doError
11824e40   SYS_EXITFXN
11824e40   _UTL_halt
11824e60   CLK_F_gethtime
11824e60   CLK_TIMEFXN
11824e60   _CLK_gethtime
11824e80   ___cinit__
11824e80   cinit
11827484   IRAM$B
11827484   _IRAM_base
11829484   IDL_A_TABBEG
11829484   IDL_cpuLoad
11829484   _IDL_cpuLoad
11829488   LNK_dataPump
11829488   _LNK_dataPump
1182948c   RTA_dispatcher
1182948c   _RTA_dispatcher
11829490   IDL_END
11829494   ___pinit__
11829494   pinit
118294a0   _HSRTDX_rec
11829740   _RTDX_Buffer_WriteCB
11829c00   _HSRTDX_xmt
11829f00   _RTDX_Mon_Queue
1182a160   _RTDX_Poll
1182a200   _RTDX_Final_RT_Monitor
1182a280   _RTDX_Buffer_Initialize
1182a2e0   _RTDX_Init_RT_Monitor
1182a340   _RTDX_Buffer_ReadCB
1182a380   _RTDX_Buffer_Size
1182a3c0   _RTDX_memfill
1182a400   _RTDX_Buffer_Read
1182a420   _RTDX_Buffer_Write
1182a440   _RTDX_Mask_IER
1182a460   GBL_stackbeg
1182a460   _HWI_STKTOP
1182a460   __stack
1182b058   _HWI_STKBOTTOM
1182b05f   GBL_stackend
1182b060   $bss
1182b060   .bss
1182b060   __STACK_END
1182b060   ___bss__
1182b060   _index
1182b064   _vref
1182b068   _turn
1182b06c   _tskcount
1182b070   _VBvalue1
1182b074   _VBvalue2
1182b078   _new_VB_data
1182b07c   _newnavdata
1182b080   _newvref
1182b084   _newturn
1182b088   _vel1
1182b08c   _vel2
1182b090   _vel1old
1182b094   _vel2old
1182b098   _enc1old
1182b09c   _enc2old
1182b0a0   _settlegyro
1182b0a4   _gyro_zero
1182b0a8   _gyro_angle
1182b0ac   _old_gyro
1182b0b0   _gyro_drift
1182b0b4   _gyro
1182b0b8   _gyro_degrees
1182b0bc   _gyro_radians
1182b0c0   _gyro_x
1182b0c4   _gyro_y
1182b0c8   _gyro4x_gain
1182b0cc   _statePos
1182b0d0   _robotdestSize
1182b0d4   _trackableIDerror
1182b0d8   _firstdata
1182b0dc   _new_optitrack
1182b0e0   _previous_frame
1182b0e4   _frame_error
1182b0e8   _temp_theta
1182b0ec   _tempOPTITRACK_theta
1182b0f0   _temp_trackableID
1182b0f4   _trackableID
1182b0f8   _errorcheck
1182b0fc   _VREFGAIN
1182b100   _TURNGAIN
1182b104   _runAstar
1182b108   _childs
1182b10c   _child
1182b110   _start
1182b114   _pathsize
1182b118   _robotRow
1182b11c   _robotCol
1182b120   _goalNo
1182b124   _pathReady
1182b128   _findingPath
1182b12c   _delayTime
1182b130   _stateMachine
1182b134   _kp_vision
1182b138   _bdist
1182b13c   _odist
1182b140   _brow
1182b144   _orow
1182b148   _lgate
1182b14c   _rgate
1182b150   _cbx
1182b154   _cby
1182b158   _cbc
1182b15c   _ballcnt
1182b160   _DSLen
1182b164   _newMatlab_data
1182b168   _timecount
1182b170   _whichled
1182b174   _updateLCD
1182b178   _testvar
1182b17c   _pic_data
1182b180   _Image_data
1182b184   _Linux_Image
1182b188   _LCD_Image
1182b18c   _noimagefound
1182b190   _object_x
1182b194   _object_y
1182b198   _new_coordata
1182b19c   _numpels
1182b1a0   _new_num_found_objects
1182b1a4   _new_object_theta
1182b1a8   _new_C20
1182b1ac   _new_C02
1182b1b0   _k
1182b1b4   _r
1182b1b8   _c
1182b1bc   _top
1182b1c0   _left
1182b1c4   _num_unique_objects
1182b1c8   _current_object
1182b1cc   _color
1182b1d0   _color2
1182b1d4   _Cdifference
1182b1d8   _rprime
1182b1dc   _cprime
1182b1e0   _rbar
1182b1e4   _cbar
1182b1e8   _neighbor_type
1182b1ec   _too_many_objects
1182b1f0   _object_detected
1182b1f4   _largest_num_pixels
1182b1f8   _largest_object
1182b1fc   _red
1182b200   _green
1182b204   _blue
1182b208   _hue
1182b20c   _sat
1182b210   _value
1182b214   _min
1182b218   _delta
1182b21c   _print_hue
1182b21d   _print_sat
1182b21e   _print_val
1182b21f   _print_r
1182b220   _print_b
1182b221   _print_g
1182b224   _specs_s
1182b228   _specs_srad
1182b22c   _specs_v
1182b230   _specs_vrad
1182b234   _specs_h
1182b238   _specs_h2
1182b23c   _specs_hrad
1182b240   _Thres_Image
1182b244   _ptrshrdmem
1182b248   _bobject_x
1182b24c   _oobject_x
1182b250   _bobject_y
1182b254   _oobject_y
1182b258   _bnumpels
1182b25c   _onumpels
1182b260   _colortoggle
1182b264   _VPIF_beginning_line
1182b268   _current
1182b26c   _equivalency
1182b270   _done
1182b274   _HWI_dispatchTab
1182b374   IDL_D_tabbeg
1182b378   IDL_D_calibrate
1182b37c   IDL_D_calbeg
1182b380   LOG_D_system
1182b380   _LOG_D_system
1182b384   PIP_D_tabbeg
1182b388   PIP_D_tablen
1182b38c   CLK_R_time
1182b390   CLK_D_timefxn
1182b394   CLK_D_tabbeg
1182b398   CLK_D_isrhook
1182b39c   CLK_D_idletime
1182b3a0   _CLK_htimeDiv
1182b3a4   _CLK_htimeMult
1182b3a8   _CLK_ltimeDiv
1182b3ac   _CLK_ltimeMult
1182b3b0   _CLK_D_dirty
1182b3b4   _CLK_D_prd
1182b3b8   _CLK_D_tddr
1182b3bc   _CLK_D_countspms
1182b3c0   PRD_D_tick
1182b3c0   _PRD_D_tick
1182b3c4   PRD_D_cur
1182b3c8   PRD_D_elapsed
1182b3cc   PRD_D_prevtim
1182b3d0   PRD_D_scalar
1182b3d4   PRD_D_swihandle
1182b3d8   PRD_D_tabbeg
1182b3dc   PRD_D_tablen
1182b3e0   PRD_D_thook
1182b3e4   RTA_D_fromHost
1182b3e8   RTA_D_toHost
1182b3ec   RTA_D_logval
1182b3fc   RTA_D_stsval
1182b408   HST_D_chanmask
1182b40c   HST_D_tabbeg
1182b410   HST_D_tabend
1182b414   _GBL_procId
1182b418   _GBL_clkIn
1182b41c   _GBL_freq
1182b420   _MEM_D_NUMSEGMENTS
1182b424   _MEM_D_memtab
1182b428   _MEM_D_freelist
1182b42c   _MEM_D_lockaddr
1182b430   _MEM_D_unlockaddr
1182b434   _SYS
1182b438   __HOOK_knlId
1182b43c   __HOOK_NUMHOOKS
1182b440   SWI_D_runaddr
1182b440   _SWI_D_runaddr
1182b440   _SWI_data
1182b444   SWI_D_execaddr
1182b444   _SWI_D_execaddr
1182b448   SWI_D_curmask
1182b448   _SWI_D_curmask
1182b44c   SWI_D_curset
1182b44c   _SWI_D_curset
1182b450   SWI_D_lock
1182b450   _SWI_D_lock
1182b454   SWI_D_curmbox
1182b458   SWI_D_curfxn
1182b458   _SWI_D_curfxn
1182b45c   SWI_D_rdybeg
1182b45c   _SWI_D_rdybeg
1182b460   SWI_D_inswi
1182b460   _SWI_D_inswi
1182b464   SWI_D_rdytab
1182b4dc   _EDMA3_0_Regs
1182b4e0   _EDMA3_1_Regs
1182b4e4   _f28335RecFirsttime
1182b4e8   _enc1
1182b4ec   _enc2
1182b4f0   _enc3
1182b4f4   _enc4
1182b4f8   _compass
1182b4fc   _switchstate
1182b500   _adcA0
1182b504   _adcB0
1182b508   _adcA1
1182b50c   _adcB1
1182b510   _adcA2
1182b514   _adcB2
1182b518   _adcA3
1182b51c   _adcB3
1182b520   _adcA4
1182b524   _adcB4
1182b528   _adcA5
1182b52c   _adcB5
1182b530   _adcA6
1182b534   _adcA7
1182b538   _F28335_Extra1
1182b53c   _F28335_Extra2
1182b540   _F28335_Extra3
1182b544   _F28335_Extra4
1182b548   _new_sendtolinux_F28335_Extra
1182b54c   _send_F28335_Extra1
1182b550   _send_F28335_Extra2
1182b554   _send_F28335_Extra3
1182b558   _send_F28335_Extra4
1182b55c   _num_EDMA3_0
1182b560   _numofints
1182b564   _scalingLadar
1182b568   _LADARready
1182b56c   _LADARprocess
1182b570   _uart1count
1182b574   _numReadings
1182b578   _errL
1182b57c   _errC
1182b580   _errR
1182b584   _tLADARleftFt
1182b588   _tLADARcenterFt
1182b58c   _tLADARrightFt
1182b590   _cPrevLADARdata
1182b591   _cLADARdata
1182b594   _iLADARrcv
1182b598   _cCommandName
1182b59c   _LADARleftFt
1182b5a0   _LADARcenterFt
1182b5a4   _LADARrightFt
1182b5a8   _fLEFT_RIGHT_ANGLE
1182b5ac   _numreadings_lastscan
1182b5b0   _startAngle
1182b5b4   _stepSize
1182b5b8   _newLADARdata
1182b5bc   _robotX
1182b5c0   _robotY
1182b5c4   _robotT
1182b5c8   _tempSign
1182b5cc   _tempOff
1182b5d0   _KNL_wFlag
1182b5d4   _KNL_wList
1182b5d8   _KNL_alarm
1182b5dc   _KNL_setpri
1182b5e0   _KNL_inactive
1182b5e4   _KNL_priority
1182b5e8   _KNL_set
1182b5ec   _KNL_curtask
1182b5f0   _KNL_prevtask
1182b5f4   _KNL_curtime
1182b5f8   _KNL_swiptr
1182b5fc   _KNL_curqueue
1182b600   _KNL_maxqueue
1182b604   _KNL_tswitchfxn
1182b608   _KNL_tcreatefxn
1182b60c   _KNL_tdeletefxn
1182b610   _KNL_treadyfxn
1182b614   _KNL_idlefxn
1182b618   _servosPosted
1182b620   _newServos
1182b624   _McBSPrecerror
1182b628   _firsttimeintMCBSPrec
1182b630   _timeint
1182b638   _mcbspReset
1182b640   _testcount
1182b644   _danindex
1182b648   _firsttimeLine1
1182b64c   _firsttimeLine2
1182b650   _MEM_memtab
1182b668   DDR
1182b668   _DDR
1182b66c   HST_DSMBUFSEG
1182b66c   IRAM
1182b66c   MEM_MALLOCSEG
1182b66c   MEM_SEGZERO
1182b66c   RTDX_DATAMEMSEG
1182b66c   _IRAM
1182b66c   _SEG0
1182b670   RTA_fromHost$pipe$dtab
1182b67c   RTA_toHost$pipe$dtab
1182b688   _EXC_sysTrapTable
1182b690   _EXC_returnPtr
1182b6a8   HWI_D_spsave
1182b6a8   _HWI_D_spsave
1182b6a8   _HWI_data
1182b6b4   _HWI_D_inhwi
1182b6b8   HWI_D_bss
1182b6bc   HWI_D_ccmask
1182b6c0   LNK_dspFrameRequestMask
1182b6c0   _LNK_dspFrameRequestMask
1182b6c4   LNK_dspFrameReadyMask
1182b6c4   _LNK_dspFrameReadyMask
1182b6c8   LNK_readPend
1182b6c8   _LNK_readPend
1182b6cc   LNK_readDone
1182b6cc   _LNK_readDone
1182b6d0   LNK_readFail
1182b6d0   _LNK_readFail
1182b6d4   LNK_writeFail
1182b6d4   _LNK_writeFail
1182b6d8   _EXC_exceptionHook
1182b6dc   _EXC_internalHook
1182b6e0   _EXC_externalHook
1182b6e4   _EXC_nmiHook
1182b6f0   _rtdxNullChanCnt
1182b6f4   _rtdxNullFuncCnt
1182b6f8   _rtdxXmtNotDoneCnt
1182b6fc   _rtdxRecNotDoneCnt
1182b700   _rtdxXmtRestartCnt
1182b704   _rtdxXmtErrorCnt
1182b708   _TSK_nTasks
1182b70c   _TSK_pid
1182b710   _TSK
1182b714   _LCD_mem
1182b718   _bluegain
1182b71c   _bkgrnd_red
1182b71d   _bkgrnd_green
1182b71e   _bkgrnd_blue
1182b720   _LCDnewMsgLine1
1182b724   _LCDnewMsgLine2
1182b728   _CLK_DFLTMICROSECS
1182b72c   _CLK_D_microseconds
1182b730   _SYS_exitStackPtr
1182b734   _SYS_exitStackTop
1182b738   _CLK_htimePerLtime
1182b73c   IDL_D_busyObj
1182b740   _MEM
1182b748   ___end__
1182b748   end
1182b7cc   LOG_A_TABBEG
1182b7cc   LOG_system
1182b7cc   _LOG_A_TABBEG
1182b7cc   _LOG_system
1182b7e4   _trace
1182b7e4   trace
1182b7fc   LOG_A_TABEND
1182b7fc   _LOG_A_TABEND
1182b800   LOG_system$buf
1182c000   TSK_ComWithLinux$stack
1182c798   TSK_ComWithLinux$stkptr
1182c800   TSK_LADAR$stack
1182cf98   TSK_LADAR$stkptr
1182d2a0   __ctypes_
1182d3a8   _bitval_u32
1182d6d4   PRD_startMcBSP$sts$maxfmt
1182d6d4   TRC_cinit
1182d6d8   TRC_R_mask
1182d6d8   _TRC_R_mask
1182d6dc   GBL_initdone
1182d6dd   PRD_startMcBSP$sts$sumfmt
1182d6e0   BIOS_init
1182d6e0   _BIOS_init
1182d6e6   PRD_startMcBSP$sts$avgfmt
1182d6f1   PRD_addtime$sts$maxfmt
1182d6fa   PRD_addtime$sts$sumfmt
1182d703   PRD_addtime$sts$avgfmt
1182d70e   SWI_LCD$sts$maxfmt
1182d716   SWI_LCD$sts$sumfmt
1182d71e   SWI_LCD$sts$avgfmt
1182d728   SWI_vision$sts$maxfmt
1182d730   SWI_vision$sts$sumfmt
1182d738   SWI_vision$sts$avgfmt
1182d742   SWI_Astar$sts$maxfmt
1182d74a   SWI_Astar$sts$sumfmt
1182d752   SWI_Astar$sts$avgfmt
1182d75c   PRD_swi$sts$maxfmt
1182d764   PRD_swi$sts$sumfmt
1182d76c   PRD_swi$sts$avgfmt
1182d776   KNL_swi$sts$maxfmt
1182d77e   KNL_swi$sts$sumfmt
1182d786   KNL_swi$sts$avgfmt
1182d790   SWI_RobotControl$sts$maxfmt
1182d798   SWI_RobotControl$sts$sumfmt
1182d7a0   SWI_RobotControl$sts$avgfmt
1182d7aa   TSK_idle$sts$maxfmt
1182d7b2   TSK_idle$sts$sumfmt
1182d7ba   TSK_idle$sts$avgfmt
1182d7c4   TSK_ComWithLinux$sts$maxfmt
1182d7cc   TSK_ComWithLinux$sts$sumfmt
1182d7d4   TSK_ComWithLinux$sts$avgfmt
1182d7de   TSK_LADAR$sts$maxfmt
1182d7e6   TSK_LADAR$sts$sumfmt
1182d7ee   TSK_LADAR$sts$avgfmt
1182d7f8   IDL_busyObj$maxfmt
1182d7fb   IDL_busyObj$sumfmt
1182d7fe   IDL_busyObj$avgfmt
1182d864   BIOS$$CLKON
1182d8a4   BIOS$$CLKOFF
1182d90c   BIOS_start
1182d90c   _BIOS_start
1182da00   _c_int00
1182dac0   _MEM_init
1182db80   _TSK_init
1182dbe0   IDL_A_CALBEG
1182dbe0   IDL_cpuLoad$
1182dbe4   LNK_dataPump$
1182dbe8   RTA_dispatcher$
1182dbec   IDL_END$
1182dbf0   SYS$config
1182dc80   _RTDX_Buffer
1182e088   _RTDX_Buffer_Start
1182e08c   _RTDX_Buffer_End
1182e090   _rtdx_mon_state
1182e0d4   _rtdx_buffer_state
1182e0e0   _RTDX_writing
1182e0f8   TSK_idle$stack
1182e490   TSK_idle$stkptr
1182e4f8   _SYS_PUTCBEG
1182e6f7   _SYS_PUTCEND
1182e6f8   SWI_A_TABBEG
1182e6f8   SWI_LCD
1182e6f8   _SWI_LCD
1182e724   SWI_vision
1182e724   _SWI_vision
1182e750   SWI_Astar
1182e750   _SWI_Astar
1182e77c   PRD_SWIHANDLE
1182e77c   PRD_swi
1182e77c   _PRD_swi
1182e7a8   KNL_swi
1182e7a8   _KNL_swi
1182e7d4   SWI_RobotControl
1182e7d4   _SWI_RobotControl
1182e800   HWI_A_VECS
1182e800   SWI_A_TABEND
1182e800   hwi0
1182e820   hwi1
1182e840   hwi2
1182e860   hwi3
1182e880   hwi4
1182e8a0   hwi5
1182e8c0   hwi6
1182e8e0   hwi7
1182e900   hwi8
1182e920   hwi9
1182e940   hwi10
1182e960   hwi11
1182e980   hwi12
1182e9a0   hwi13
1182e9c0   hwi14
1182e9e0   hwi15
1182ea00   trace$buf
1182ec00   __CIOBUF_
1182ed2c   TSK_idle
1182ed2c   _TSK_idle
1182ed8c   TSK_ComWithLinux
1182ed8c   _TSK_ComWithLinux
1182edec   TSK_LADAR
1182edec   _TSK_LADAR
1182ee40   RTA_toHost$buf
1182ef40   PIP_A_TABBEG
1182ef40   RTA_fromHost$pipe
1182ef40   _PIP_A_TABBEG
1182ef44   RTA_fromHost$pipe$rd
1182ef70   RTA_fromHost$pipe$aaa
1182ef74   RTA_fromHost$pipe$wr
1182efa0   RTA_fromHost$pipe$bbb
1182efa4   RTA_toHost$pipe
1182efa8   RTA_toHost$pipe$rd
1182efd4   RTA_toHost$pipe$aaa
1182efd8   RTA_toHost$pipe$wr
1182f004   RTA_toHost$pipe$bbb
1182f008   PIP_A_TABEND
1182f008   PRD_startMcBSP$sts$stsobj
1182f008   STS_A_TABBEG
1182f008   _PIP_A_TABEND
1182f008   _STS_A_TABBEG
1182f00c   PRD_startMcBSP$sts
1182f018   PRD_addtime$sts$stsobj
1182f01c   PRD_addtime$sts
1182f028   SWI_LCD$sts$stsobj
1182f02c   SWI_LCD$sts
1182f038   SWI_vision$sts$stsobj
1182f03c   SWI_vision$sts
1182f048   SWI_Astar$sts$stsobj
1182f04c   SWI_Astar$sts
1182f058   PRD_swi$sts$stsobj
1182f05c   PRD_swi$sts
1182f068   KNL_swi$sts$stsobj
1182f06c   KNL_swi$sts
1182f078   SWI_RobotControl$sts$stsobj
1182f07c   SWI_RobotControl$sts
1182f088   TSK_idle$sts$stsobj
1182f08c   TSK_idle$sts
1182f098   TSK_ComWithLinux$sts$stsobj
1182f09c   TSK_ComWithLinux$sts
1182f0a8   TSK_LADAR$sts$stsobj
1182f0ac   TSK_LADAR$sts
1182f0b8   IDL_busyObj$stsobj
1182f0bc   IDL_busyObj
1182f0bc   _IDL_busyObj
1182f0c8   STS_A_TABEND
1182f0c8   _STS_A_TABEND
1182f12c   PRD_A_TABBEG
1182f12c   PRD_startMcBSP
1182f12c   _PRD_startMcBSP
1182f148   PRD_startMcBSP$aaa
1182f14c   PRD_addtime
1182f14c   _PRD_addtime
1182f168   PRD_addtime$aaa
1182f16c   HST_A_TABBEG
1182f16c   PRD_A_TABEND
1182f16c   _HST_A_TABBEG
1182f170   RTA_fromHost
1182f170   _RTA_fromHost
1182f178   RTA_fromHost$rtdx
1182f18c   RTA_toHost
1182f18c   _RTA_toHost
1182f194   RTA_toHost$rtdx
1182f1a8   HST_A_TABEND
1182f1a8   _HST_A_TABEND
28040d0c   HWI_INTRMUX3
c3000000   DDR$B
c3000000   _DDR_base
ffffffff   CACHE_L1D
ffffffff   CACHE_L1P
ffffffff   CACHE_L2
ffffffff   ECM_EVTMASK0
ffffffff   ECM_EVTMASK1
ffffffff   ECM_EVTMASK2
ffffffff   ECM_EVTMASK3
ffffffff   GBL_L2MAR192_223
ffffffff   L3_CBA_RAM
ffffffff   _CACHE_L1D
ffffffff   _CACHE_L1P
ffffffff   _CACHE_L2
ffffffff   _L3_CBA_RAM
ffffffff   ___TI_pprof_out_hndl
ffffffff   ___TI_prof_data_size
ffffffff   ___TI_prof_data_start
ffffffff   ___binit__
ffffffff   ___c_args__
ffffffff   binit

[1616 symbols]
